============================================================
  Glasgow Traders — Batch Sniper
  Location: Dumbarton
  Trade: Auto Workshop
  Mode: PUBLISH
============================================================

[LOCATION] Looking for 'Dumbarton'...
  Found: ID=210 name=Dumbarton

[DEDUP] Fetching existing listings...
  3275 existing listings on site
  Ledger: 3269 place_ids

[SEARCH] Finding auto workshops in Dumbarton...
  Found 9 candidates (11 filtered as merchants/off-trade)

────────────────────────────────────────────────────────────
  [1/9] S1 Auto Services
────────────────────────────────────────────────────────────
  Enriching from Google...
    Address: 80 Castlegreen St, Dumbarton G82 1JB, UK
    Phone:   01389 764554
    Website: https://s1autoservices.co.uk/
    Rating:  4.8 (127 reviews)
    Hours:   6 days
    Photos:  0
  Generating featured tile...
  Creating listing...
    Post ID: 38324
    URL: https://glasgowtrader.co.uk/listing/s1-auto-services/
  Injecting ListingPro sidebar data...
    Result: OK

────────────────────────────────────────────────────────────
  [2/9] Dumbarton Auto Repair
────────────────────────────────────────────────────────────
  Enriching from Google...
    Address: Sandpoint Marina, Woodyard Rd, Dumbarton G82 4BG, UK
    Phone:   07776 028907
    Website: https://dumbartonautorepair.co.uk/
    Rating:  5 (4 reviews)
    Hours:   0 days
    Photos:  0
  Generating featured tile...
  Creating listing...
    Post ID: 38326
    URL: https://glasgowtrader.co.uk/listing/dumbarton-auto-repair/
  Injecting ListingPro sidebar data...
    Result: OK

────────────────────────────────────────────────────────────
  [3/9] Renton Garage
────────────────────────────────────────────────────────────
  Enriching from Google...
    Address: 235-243 Main St, Renton, Dumbarton G82 4PR, UK
    Phone:   01389 754424
    Website: N/A
    Rating:  4.9 (162 reviews)
    Hours:   6 days
    Photos:  0
  Generating featured tile...
  Creating listing...
    Post ID: 38328
    URL: https://glasgowtrader.co.uk/listing/renton-garage/
  Injecting ListingPro sidebar data...
    Result: OK

────────────────────────────────────────────────────────────
  [4/9] West Bridgend Garage
────────────────────────────────────────────────────────────
  Enriching from Google...
    Address: 101 W Bridgend, Dumbarton G82 4AD, UK
    Phone:   01389 730303
    Website: http://westbridgendgarage.co.uk/contact_us.html
    Rating:  4.6 (45 reviews)
    Hours:   6 days
    Photos:  0
  Generating featured tile...
  Creating listing...
    Post ID: 38330
    URL: https://glasgowtrader.co.uk/listing/west-bridgend-garage/
  Injecting ListingPro sidebar data...
    Result: OK

────────────────────────────────────────────────────────────
  [5/9] Alex Marc Motors
────────────────────────────────────────────────────────────
  Enriching from Google...
    Address: Unit 3, New Build Units, Vale of Leven Industrial Estate, Burroughs Wy, Dumbarton G82 3PD, UK
    Phone:   07301 070698
    Website: https://alexmarc.co.uk/
    Rating:  5 (20 reviews)
    Hours:   0 days
    Photos:  0
  Generating featured tile...
  Creating listing...
    Post ID: 38332
    URL: https://glasgowtrader.co.uk/listing/alex-marc-motors/
  Injecting ListingPro sidebar data...
    Result: OK

────────────────────────────────────────────────────────────
  [6/9] West Bridgend Garage - Dumbarton
────────────────────────────────────────────────────────────
  Enriching from Google...
    Address: 101 W Bridgend, Dumbarton G82 4AD, UK
    Phone:   01389 730303
    Website: https://www.ford.co.uk/dealer-locator#/search/Erskine,%20UK/
    Rating:  5 (6 reviews)
    Hours:   6 days
    Photos:  0
  Generating featured tile...
  Creating listing...
    Post ID: 38334
    URL: https://glasgowtrader.co.uk/listing/west-bridgend-garage-dumbarton/
  Injecting ListingPro sidebar data...
    Result: OK

────────────────────────────────────────────────────────────
  [7/9] Castle Garage
────────────────────────────────────────────────────────────
  Enriching from Google...
    Address: 129 Glasgow Rd, Dumbarton G82 1RQ, UK
    Phone:   01389 730135
    Website: N/A
    Rating:  4.3 (29 reviews)
    Hours:   5 days
    Photos:  0
  Generating featured tile...
  Creating listing...
    Post ID: 38336
    URL: https://glasgowtrader.co.uk/listing/castle-garage/
  Injecting ListingPro sidebar data...
    Result: OK

────────────────────────────────────────────────────────────
  [8/9] Gary's Garage
────────────────────────────────────────────────────────────
  Enriching from Google...
    Address: Unit 49b, Carman Works, Back, Renton, Dumbarton G82 4NE, UK
    Phone:   07919 074744
    Website: N/A
    Rating:  4.9 (38 reviews)
    Hours:   6 days
    Photos:  0
  Generating featured tile...
  Creating listing...
    Post ID: 38338
    URL: https://glasgowtrader.co.uk/listing/garys-garage/
  Injecting ListingPro sidebar data...
    Result: OK

────────────────────────────────────────────────────────────
  [9/9] Andrews Garage Recovery Ltd / AGR Truck and Trailer Ltd
────────────────────────────────────────────────────────────
  Enriching from Google...
    Address: Block 4, Levenside Road, Vale of Leven Industrial Estate, Dumbarton G82 3PD, UK
    Phone:   01389 876444
    Website: N/A
    Rating:  4.6 (103 reviews)
    Hours:   0 days
    Photos:  0
  Generating featured tile...
  Creating listing...
    Post ID: 38340
    URL: https://glasgowtrader.co.uk/listing/andrews-garage-recovery-ltd-agr-truck-and-trailer-ltd/
  Injecting ListingPro sidebar data...
    Result: OK

============================================================
  BATCH COMPLETE — Dumbarton
============================================================
  Found:   9
  Created: 9
  Skipped: 0 (already existed)
  Failed:  0
============================================================
