============================================================
  Glasgow Traders — Batch Sniper
  Location: Stirling
  Trade: Bathroom Fitter
  Mode: PUBLISH
============================================================

[LOCATION] Looking for 'Stirling'...
  Found: ID=272 name=Stirling

[DEDUP] Fetching existing listings...
  2308 existing listings on site
  Ledger: 2291 place_ids

[SEARCH] Finding bathroom fitters in Stirling...
  Found 9 candidates (11 filtered as merchants/off-trade)

────────────────────────────────────────────────────────────
  [1/9] The Bathroom Co. Stirling
────────────────────────────────────────────────────────────
  Enriching from Google...
    Address: 49 Borestone Cres, St Ninians, Stirling FK7 9BQ, UK
    Phone:   01786 595004
    Website: https://www.thebathroomco.co.uk/
    Rating:  5 (87 reviews)
    Hours:   6 days
    Photos:  0
  Generating featured tile...
  Creating listing...
    Post ID: 36368
    URL: https://glasgowtrader.co.uk/listing/the-bathroom-co-stirling/
  Injecting ListingPro sidebar data...
    Result: OK

────────────────────────────────────────────────────────────
  [2/9] Bathroom Centre Stirling
────────────────────────────────────────────────────────────
  SKIP: in ledger as post 36364 — attached location 'Stirling' instead

────────────────────────────────────────────────────────────
  [3/9] Bathrooms Stirling
────────────────────────────────────────────────────────────
  Enriching from Google...
    Address: 1 Munro Rd, Stirling FK7 7UU, UK
    Phone:   01786 649306
    Website: https://wholesale-bathrooms.co.uk/fitted-bathrooms-stirling/
    Rating:  5 (5 reviews)
    Hours:   5 days
    Photos:  0
  Generating featured tile...
  Creating listing...
    Post ID: 36370
    URL: https://glasgowtrader.co.uk/listing/bathrooms-stirling/
  Injecting ListingPro sidebar data...
    Result: OK

────────────────────────────────────────────────────────────
  [4/9] Bathroom & Kitchen Planet
────────────────────────────────────────────────────────────
  SKIP: in ledger as post 36216 — attached location 'Stirling' instead

────────────────────────────────────────────────────────────
  [5/9] Stag Bathroom Co
────────────────────────────────────────────────────────────
  Enriching from Google...
    Address: 10 Back O' Hill Rd, Stirling FK8 1SH, UK
    Phone:   01786 643542
    Website: https://stagbathroom.co.uk/
    Rating:  5 (1 reviews)
    Hours:   6 days
    Photos:  0
  Generating featured tile...
  Creating listing...
    Post ID: 36372
    URL: https://glasgowtrader.co.uk/listing/stag-bathroom-co/
  Injecting ListingPro sidebar data...
    Result: OK

────────────────────────────────────────────────────────────
  [6/9] Central Scotland Bathroom Consultancy Ltd
────────────────────────────────────────────────────────────
  Enriching from Google...
    Address: 59 Buntine Cres, Stirling FK7 9JB, UK
    Phone:   07359 451579
    Website: https://www.centralscotlandbathroomconsultancyltd.co.uk/
    Rating:  3 (7 reviews)
    Hours:   7 days
    Photos:  0
  Generating featured tile...
  Creating listing...
    Post ID: 36374
    URL: https://glasgowtrader.co.uk/listing/central-scotland-bathroom-consultancy-ltd/
  Injecting ListingPro sidebar data...
    Result: OK

────────────────────────────────────────────────────────────
  [7/9] Koncept Bathrooms & Kitchens Ltd
────────────────────────────────────────────────────────────
  SKIP: in ledger as post 36234 — attached location 'Stirling' instead

────────────────────────────────────────────────────────────
  [8/9] Love My Home Bathroom Centre
────────────────────────────────────────────────────────────
  SKIP: in ledger as post 36352 — attached location 'Stirling' instead

────────────────────────────────────────────────────────────
  [9/9] Amigo Handyman Services | Kitchen and Bathroom Installer in Falkirk and Stirling
────────────────────────────────────────────────────────────
  SKIP: in ledger as post 36208 — attached location 'Stirling' instead

============================================================
  BATCH COMPLETE — Stirling
============================================================
  Found:   9
  Created: 4
  Skipped: 5 (already existed)
  Failed:  0
============================================================
