============================================================
  Glasgow Traders — Batch Sniper
  Location: Airdrie
  Trade: Bathroom Fitter
  Mode: PUBLISH
============================================================

[LOCATION] Looking for 'Airdrie'...
  Found: ID=173 name=Airdrie

[DEDUP] Fetching existing listings...
  2263 existing listings on site
  Ledger: 2246 place_ids

[SEARCH] Finding bathroom fitters in Airdrie...
  Found 9 candidates (9 filtered as merchants/off-trade)

────────────────────────────────────────────────────────────
  [1/9] A2Z Bathroom & Wetwall
────────────────────────────────────────────────────────────
  Enriching from Google...
    Address: 14 North Bridge St, Airdrie ML6 6NE, UK
    Phone:   N/A
    Website: N/A
    Rating:  5 (7 reviews)
    Hours:   6 days
    Photos:  0
  Generating featured tile...
  Creating listing...
    Post ID: 36278
    URL: https://glasgowtrader.co.uk/listing/a2z-bathroom-wetwall/
  Injecting ListingPro sidebar data...
    Result: OK

────────────────────────────────────────────────────────────
  [2/9] Creative tiler & bathroom refit services
────────────────────────────────────────────────────────────
  Enriching from Google...
    Address: Airdrie Rd, Caldercruix, Airdrie ML6 8PA, UK
    Phone:   07450 837629
    Website: https://creativetilerbathrooms.co.uk/
    Rating:  5 (24 reviews)
    Hours:   6 days
    Photos:  0
  Generating featured tile...
  Creating listing...
    Post ID: 36280
    URL: https://glasgowtrader.co.uk/listing/creative-tiler-bathroom-refit-services/
  Injecting ListingPro sidebar data...
    Result: OK

────────────────────────────────────────────────────────────
  [3/9] Clyde Bathrooms
────────────────────────────────────────────────────────────
  Enriching from Google...
    Address: Unit 4 Block 1, Chapelhall Industrial Estate, Chapelhall, Airdrie ML6 8QH, UK
    Phone:   0141 538 2001
    Website: https://www.clydebathrooms.co.uk/
    Rating:  3.5 (13 reviews)
    Hours:   7 days
    Photos:  0
  Generating featured tile...
  Creating listing...
    Post ID: 36282
    URL: https://glasgowtrader.co.uk/listing/clyde-bathrooms/
  Injecting ListingPro sidebar data...
    Result: OK

────────────────────────────────────────────────────────────
  [4/9] Boutique Bathrooms & Kitchens
────────────────────────────────────────────────────────────
  SKIP: in ledger as post 36124 — attached location 'Airdrie' instead

────────────────────────────────────────────────────────────
  [5/9] SG Kitchens Bedrooms & Bathrooms
────────────────────────────────────────────────────────────
  SKIP: in ledger as post 36108 — attached location 'Airdrie' instead

────────────────────────────────────────────────────────────
  [6/9] Complete Bathrooms Scotland
────────────────────────────────────────────────────────────
  Enriching from Google...
    Address: 678 Glasgow Rd, Wishaw ML2 7SR, UK
    Phone:   01698 538178
    Website: https://www.completebathroomscotland.com/
    Rating:  5 (14 reviews)
    Hours:   6 days
    Photos:  0
  Generating featured tile...
  Creating listing...
    Post ID: 36284
    URL: https://glasgowtrader.co.uk/listing/complete-bathrooms-scotland/
  Injecting ListingPro sidebar data...
    Result: OK

────────────────────────────────────────────────────────────
  [7/9] Clearwater Kitchens & Bathrooms Ltd
────────────────────────────────────────────────────────────
  SKIP: in ledger as post 36114 — attached location 'Airdrie' instead

────────────────────────────────────────────────────────────
  [8/9] DRS Bathrooms & Plumbing
────────────────────────────────────────────────────────────
  SKIP: in ledger as post 29414 — attached location 'Airdrie' instead

────────────────────────────────────────────────────────────
  [9/9] KB Bathrooms
────────────────────────────────────────────────────────────
  Enriching from Google...
    Address: 14 Palacecraig St, Coatbridge ML5 4RY, UK
    Phone:   0141 771 2037
    Website: http://www.kbbathrooms.co.uk/
    Rating:  4.2 (31 reviews)
    Hours:   5 days
    Photos:  0
  Generating featured tile...
  Creating listing...
    Post ID: 36286
    URL: https://glasgowtrader.co.uk/listing/kb-bathrooms/
  Injecting ListingPro sidebar data...
    Result: OK

============================================================
  BATCH COMPLETE — Airdrie
============================================================
  Found:   9
  Created: 5
  Skipped: 4 (already existed)
  Failed:  0
============================================================
