  skip 38616: already has image 38641
[LIVE] 45 listings missing a featured image
preflight OK (media 38648); leaving it in place for the human to remove
  38640 [CCTV & Video Security] Disc Security Systems
      ok -> media 38649
  38639 [CCTV & Video Security] ESP Security Systems
      ok -> media 38650
  38638 [CCTV & Video Security] Taylor Alarm and CCTV
      ok -> media 38651
  38637 [CCTV & Video Security] CCTV Glasgow
      ok -> media 38652
  38636 [CCTV & Video Security] Seguro Security Systems
      ok -> media 38653
  38635 [CCTV & Video Security] CCTV Scotand
      ok -> media 38654
  38634 [Solar Panel Installer] AEC Solar Energy Solutions
      ok -> media 38655
  38633 [Solar Panel Installer] Prestige Solar Energy
      ok -> media 38656
  38632 [Solar Panel Installer] Alba Electrical and Renewable Services
      ok -> media 38657
  38631 [Solar Panel Installer] 1314 Renewables
      ok -> media 38658
  38630 [Solar Panel Installer] South Scotland Solar Ltd
      ok -> media 38659
  38629 [Solar Panel Installer] Ledi Renewables Limited
      ok -> media 38660
  38628 [Solar Panel Installer] Renewable Heat
      ok -> media 38661
  38627 [Solar Panel Installer] Nexus Solar Europe
      ok -> media 38662
  38626 [Solar Panel Installer] GreenFox Energy – Solar for the Savvy
      ok -> media 38663
  38625 [Solar Panel Installer] Eco T Renewables
      ok -> media 38664
  38624 [Solar Panel Installer] Central Renewables Ltd
      ok -> media 38665
  38623 [Solar Panel Installer] The Local Solar Company
      ok -> media 38666
  38622 [Solar Panel Installer] Watterman Renewable Energy
      ok -> media 38667
  38621 [Solar Panel Installer] Solar meeting on Saturday
      ok -> media 38668
  38620 [Solar Panel Installer] Solar and Wind Applications Ltd
      ok -> media 38669
  38619 [Solar Panel Installer] Fusebox Solar Limited
      ok -> media 38670
  38618 [Solar Panel Installer] Funding For Solar
      ok -> media 38671
  38617 [Solar Panel Installer] 1st Solar Ltd
      ok -> media 38672
  38615 [Solar Panel Installer] ASI Renewables Ltd
      ok -> media 38673
  38614 [Solar Panel Installer] Solar Dynamix UK Limited
      ok -> media 38674
  38613 [Solar Panel Installer] Solar Central Scotland Ltd
      ok -> media 38675
  38612 [Solar Panel Installer] Gener8 Solar ltd
      ok -> media 38676
  38611 [Solar Panel Installer] Scotland Solar Panel Installers | Taylor Sol
      ok -> media 38677
  38610 [Solar Panel Installer] Solar Services Scotland
      ok -> media 38678
  38609 [Solar Panel Installer] Lukas Solar Services Ltd
      ok -> media 38679
  38608 [Solar Panel Installer] Affordable Heating | solar panel installatio
      ok -> media 38680
  38607 [Solar Panel Installer] Solar Panel Team Glasgow
      ok -> media 38681
  38606 [Solar Panel Installer] Solar PV Scotland
      ok -> media 38682
  38605 [Solar Panel Installer] Ceiba Renewables Limited
      ok -> media 38683
  38604 [Solar Panel Installer] Solar 4 Scotland
      ok -> media 38684
  38603 [Solar Panel Installer] Solar Panel Edge Protection Ltd
      ok -> media 38685
  38602 [Solar Panel Installer] Solar Specialists Scotland
      ok -> media 38686
  38601 [Scaffolder] Tubetec Scaffolding ltd
      ok -> media 38687
  38600 [Scaffolder] P&D Scaffolding Contracts Ltd
      ok -> media 38688
  38599 [Scaffolder] AHL Scaffolding Ltd
      ok -> media 38689
  38598 [Scaffolder] JN SCAFFOLDING CONTRACTS LTD. West Lothian (
      ok -> media 38690
  38597 [Scaffolder] Bolt 2 Bolt Scaffolding
      ok -> media 38691
  38596 [Scaffolder] Saltire Scaffolding LTD
      ok -> media 38692
  38595 [Scaffolder] FORM ACCESS LTD – Scaffolders Edinburgh
      ok -> media 38693

[LIVE] fixed 45, failed 0
