============================================================
  Glasgow Traders — Batch Sniper
  Location: Carluke
  Trade: Flooring Specialist
  Mode: PUBLISH
============================================================

[LOCATION] Looking for 'Carluke'...
  Found: ID=198 name=Carluke

[DEDUP] Fetching existing listings...
  3058 existing listings on site
  Ledger: 3050 place_ids

[SEARCH] Finding flooring specialists in Carluke...
  Found 2 candidates (1 filtered as merchants/off-trade)

────────────────────────────────────────────────────────────
  [1/2] Artisan Flooring by Previously Trees
────────────────────────────────────────────────────────────
  SKIP: in ledger as post 37790 — attached location 'Carluke' instead

────────────────────────────────────────────────────────────
  [2/2] Braidwood Carpets & Flooring Ltd
────────────────────────────────────────────────────────────
  Enriching from Google...
    Address: Harestanes Industrial Estate, Braidwood, Carluke ML8 5PP, UK
    Phone:   07766 548253
    Website: N/A
    Rating:  4.3 (12 reviews)
    Hours:   6 days
    Photos:  0
  Generating featured tile...
  Creating listing...
    Post ID: 37886
    URL: https://glasgowtrader.co.uk/listing/braidwood-carpets-flooring-ltd/
  Injecting ListingPro sidebar data...
    Result: OK

============================================================
  BATCH COMPLETE — Carluke
============================================================
  Found:   2
  Created: 1
  Skipped: 1 (already existed)
  Failed:  0
============================================================
