============================================================
  Glasgow Traders — Batch Sniper
  Location: Bellshill
  Trade: Flooring Specialist
  Mode: PUBLISH
============================================================

[LOCATION] Looking for 'Bellshill'...
  Found: ID=190 name=Bellshill

[DEDUP] Fetching existing listings...
  3010 existing listings on site
  Ledger: 2996 place_ids

[SEARCH] Finding flooring specialists in Bellshill...
  Found 9 candidates (11 filtered as merchants/off-trade)

────────────────────────────────────────────────────────────
  [1/9] Avoca Flooring
────────────────────────────────────────────────────────────
  SKIP: in ledger as post 37768 — attached location 'Bellshill' instead

────────────────────────────────────────────────────────────
  [2/9] Inspired Flooring Ltd
────────────────────────────────────────────────────────────
  SKIP: in ledger as post 37770 — attached location 'Bellshill' instead

────────────────────────────────────────────────────────────
  [3/9] C K C Flooring
────────────────────────────────────────────────────────────
  Enriching from Google...
    Address: 2 Orion Pl, Mossend, Bellshill ML4 1JJ, UK
    Phone:   01236 436086
    Website: https://www.ckcflooring.co.uk/
    Rating:  3.7 (3 reviews)
    Hours:   5 days
    Photos:  0
  Generating featured tile...
  Creating listing...
    Post ID: 37778
    URL: https://glasgowtrader.co.uk/listing/c-k-c-flooring/
  Injecting ListingPro sidebar data...
    Result: OK

────────────────────────────────────────────────────────────
  [4/9] Crawford Flooring
────────────────────────────────────────────────────────────
  Enriching from Google...
    Address: 69 Bothwell Rd, Hamilton ML3 0DW, UK
    Phone:   07946 747622
    Website: http://crawfordflooring.co.uk/
    Rating:  4.1 (20 reviews)
    Hours:   7 days
    Photos:  0
  Generating featured tile...
  Creating listing...
    Post ID: 37780
    URL: https://glasgowtrader.co.uk/listing/crawford-flooring/
  Injecting ListingPro sidebar data...
    Result: OK

────────────────────────────────────────────────────────────
  [5/9] Leon Paterson Independant Carpet and Flooring Fitter
────────────────────────────────────────────────────────────
  SKIP: in ledger as post 37734 — attached location 'Bellshill' instead

────────────────────────────────────────────────────────────
  [6/9] Elite Carpets & Floors
────────────────────────────────────────────────────────────
  SKIP: in ledger as post 37764 — attached location 'Bellshill' instead

────────────────────────────────────────────────────────────
  [7/9] Go 4 Floors
────────────────────────────────────────────────────────────
  Enriching from Google...
    Address: 539 Glasgow Rd, Wishaw ML2 7SN, UK
    Phone:   01698 510872
    Website: https://www.go4floors.uk/
    Rating:  5 (13 reviews)
    Hours:   7 days
    Photos:  0
  Generating featured tile...
  Creating listing...
    Post ID: 37782
    URL: https://glasgowtrader.co.uk/listing/go-4-floors/
  Injecting ListingPro sidebar data...
    Result: OK

────────────────────────────────────────────────────────────
  [8/9] Tapi Carpets & Floors
────────────────────────────────────────────────────────────
  Enriching from Google...
    Address: Rannoch Rd, Birkenshaw Trading Estate, Uddingston, Glasgow G71 5PR, UK
    Phone:   01698 535450
    Website: https://www.tapi.co.uk/stores/uddingston?utm_source=google&utm_medium=organic&utm_content=uddingston&utm_campaign=g+business
    Rating:  4 (86 reviews)
    Hours:   7 days
    Photos:  0
  Generating featured tile...
  Creating listing...
    Post ID: 37784
    URL: https://glasgowtrader.co.uk/listing/tapi-carpets-floors-3/
  Injecting ListingPro sidebar data...
    Result: OK

────────────────────────────────────────────────────────────
  [9/9] Mcgarry Flooring & Upholstery Contracts
────────────────────────────────────────────────────────────
  Enriching from Google...
    Address: 60 Canyon Rd, Wishaw ML2 0EG, UK
    Phone:   01698 375196
    Website: http://www.mcgarry-flooring.co.uk/
    Rating:  4.3 (12 reviews)
    Hours:   5 days
    Photos:  0
  Generating featured tile...
  Creating listing...
    Post ID: 37786
    URL: https://glasgowtrader.co.uk/listing/mcgarry-flooring-upholstery-contracts/
  Injecting ListingPro sidebar data...
    Result: OK

============================================================
  BATCH COMPLETE — Bellshill
============================================================
  Found:   9
  Created: 5
  Skipped: 4 (already existed)
  Failed:  0
============================================================
