============================================================
  Glasgow Traders — Batch Sniper
  Location: Possilpark
  Trade: Gardener
  Mode: PUBLISH
============================================================

[LOCATION] Looking for 'Possilpark'...
  Found: ID=265 name=Possilpark

[DEDUP] Fetching existing listings...
  1569 existing listings on site
  Ledger: 1551 place_ids

[SEARCH] Finding gardeners in Possilpark...
  Found 46 candidates (4 filtered as merchants/off-trade)

────────────────────────────────────────────────────────────
  [1/46] North Hill Gardens Ltd
────────────────────────────────────────────────────────────
  SKIP: in ledger as post 33629 — attached location 'Possilpark' instead

────────────────────────────────────────────────────────────
  [2/46] Green Wheels Gardening Services
────────────────────────────────────────────────────────────
  SKIP: in ledger as post 33623 — attached location 'Possilpark' instead

────────────────────────────────────────────────────────────
  [3/46] Rake it in gardening services ltd
────────────────────────────────────────────────────────────
  SKIP: in ledger as post 33946 — attached location 'Possilpark' instead

────────────────────────────────────────────────────────────
  [4/46] Jeremy Needham Garden Designs
────────────────────────────────────────────────────────────
  SKIP: in ledger as post 34754 — attached location 'Possilpark' instead

────────────────────────────────────────────────────────────
  [5/46] Garden & Landscape Services
────────────────────────────────────────────────────────────
  SKIP: in ledger as post 34400 — attached location 'Possilpark' instead

────────────────────────────────────────────────────────────
  [6/46] Garden Force - Giffnock, Pollokshields & Newlands,
────────────────────────────────────────────────────────────
  SKIP: in ledger as post 33634 — attached location 'Possilpark' instead

────────────────────────────────────────────────────────────
  [7/46] Jollie Landscapes
────────────────────────────────────────────────────────────
  SKIP: in ledger as post 34384 — attached location 'Possilpark' instead

────────────────────────────────────────────────────────────
  [8/46] Landscaping Company Of Glasgow
────────────────────────────────────────────────────────────
  SKIP: in ledger as post 33644 — attached location 'Possilpark' instead

────────────────────────────────────────────────────────────
  [9/46] Tom Swift Gardening
────────────────────────────────────────────────────────────
  SKIP: in ledger as post 34298 — attached location 'Possilpark' instead

────────────────────────────────────────────────────────────
  [10/46] WEST END GARDEN SERVICES
────────────────────────────────────────────────────────────
  SKIP: in ledger as post 34746 — attached location 'Possilpark' instead

────────────────────────────────────────────────────────────
  [11/46] The West End Gardener
────────────────────────────────────────────────────────────
  SKIP: in ledger as post 33782 — attached location 'Possilpark' instead

────────────────────────────────────────────────────────────
  [12/46] Exteria Landscapes
────────────────────────────────────────────────────────────
  SKIP: in ledger as post 33639 — attached location 'Possilpark' instead

────────────────────────────────────────────────────────────
  [13/46] Glasgow Landscape Gardener
────────────────────────────────────────────────────────────
  SKIP: in ledger as post 33630 — attached location 'Possilpark' instead

────────────────────────────────────────────────────────────
  [14/46] The Concrete Garden
────────────────────────────────────────────────────────────
  SKIP: in ledger as post 34762 — attached location 'Possilpark' instead

────────────────────────────────────────────────────────────
  [15/46] Outside In Garden Rooms
────────────────────────────────────────────────────────────
  SKIP: in ledger as post 34748 — attached location 'Possilpark' instead

────────────────────────────────────────────────────────────
  [16/46] Riverside landscaping
────────────────────────────────────────────────────────────
  SKIP: in ledger as post 33626 — attached location 'Possilpark' instead

────────────────────────────────────────────────────────────
  [17/46] Glasgow Landscaping Group
────────────────────────────────────────────────────────────
  SKIP: in ledger as post 33640 — attached location 'Possilpark' instead

────────────────────────────────────────────────────────────
  [18/46] Hepburn Landscaping & Design
────────────────────────────────────────────────────────────
  SKIP: in ledger as post 33641 — attached location 'Possilpark' instead

────────────────────────────────────────────────────────────
  [19/46] Essenjay Tree & Grass Care Services Ltd
────────────────────────────────────────────────────────────
  SKIP: in ledger as post 34346 — attached location 'Possilpark' instead

────────────────────────────────────────────────────────────
  [20/46] Glesga Garden Guy Ltd.
────────────────────────────────────────────────────────────
  SKIP: in ledger as post 33622 — attached location 'Possilpark' instead

────────────────────────────────────────────────────────────
  [21/46] Pearson Landscapes Ltd
────────────────────────────────────────────────────────────
  SKIP: in ledger as post 34792 — attached location 'Possilpark' instead

────────────────────────────────────────────────────────────
  [22/46] Albar Landscapes Scotland Ltd
────────────────────────────────────────────────────────────
  SKIP: in ledger as post 34366 — attached location 'Possilpark' instead

────────────────────────────────────────────────────────────
  [23/46] Mundell Landscapes Ltd
────────────────────────────────────────────────────────────
  SKIP: in ledger as post 34616 — attached location 'Possilpark' instead

────────────────────────────────────────────────────────────
  [24/46] Landscape Gardeners Glasgow - Decking, Driveways, Fencing & Patios
────────────────────────────────────────────────────────────
  SKIP: in ledger as post 33631 — attached location 'Possilpark' instead

────────────────────────────────────────────────────────────
  [25/46] GGM Tree Surgery & Landscaping
────────────────────────────────────────────────────────────
  SKIP: in ledger as post 33625 — attached location 'Possilpark' instead

────────────────────────────────────────────────────────────
  [26/46] MacColl & Stokes Landscaping
────────────────────────────────────────────────────────────
  SKIP: in ledger as post 33643 — attached location 'Possilpark' instead

────────────────────────────────────────────────────────────
  [27/46] Square Circle Landscapes
────────────────────────────────────────────────────────────
  SKIP: in ledger as post 33642 — attached location 'Possilpark' instead

────────────────────────────────────────────────────────────
  [28/46] The Glasgow Tree Surgeon
────────────────────────────────────────────────────────────
  SKIP: in ledger as post 33674 — attached location 'Possilpark' instead

────────────────────────────────────────────────────────────
  [29/46] Aspen Tree Surgeons Glasgow
────────────────────────────────────────────────────────────
  SKIP: in ledger as post 33686 — attached location 'Possilpark' instead

────────────────────────────────────────────────────────────
  [30/46] GlasGrow Tree Surgeons
────────────────────────────────────────────────────────────
  SKIP: in ledger as post 33676 — attached location 'Possilpark' instead

────────────────────────────────────────────────────────────
  [31/46] Clyde Tree Surgeons Glasgow
────────────────────────────────────────────────────────────
  SKIP: in ledger as post 33684 — attached location 'Possilpark' instead

────────────────────────────────────────────────────────────
  [32/46] Bensons Tree Surgery Ltd
────────────────────────────────────────────────────────────
  SKIP: in ledger as post 33708 — attached location 'Possilpark' instead

────────────────────────────────────────────────────────────
  [33/46] Southside Tree Surgeons
────────────────────────────────────────────────────────────
  SKIP: in ledger as post 33680 — attached location 'Possilpark' instead

────────────────────────────────────────────────────────────
  [34/46] Cathcart Tree Surgeons
────────────────────────────────────────────────────────────
  SKIP: in ledger as post 33690 — attached location 'Possilpark' instead

────────────────────────────────────────────────────────────
  [35/46] LK Tree Services
────────────────────────────────────────────────────────────
  SKIP: in ledger as post 34306 — attached location 'Possilpark' instead

────────────────────────────────────────────────────────────
  [36/46] Newlands Tree Surgeons
────────────────────────────────────────────────────────────
  SKIP: in ledger as post 33682 — attached location 'Possilpark' instead

────────────────────────────────────────────────────────────
  [37/46] TRS Tree Removal Specialists
────────────────────────────────────────────────────────────
  SKIP: in ledger as post 33698 — attached location 'Possilpark' instead

────────────────────────────────────────────────────────────
  [38/46] The Tree Doctor Scotland
────────────────────────────────────────────────────────────
  SKIP: in ledger as post 33696 — attached location 'Possilpark' instead

────────────────────────────────────────────────────────────
  [39/46] Three Leaf Trees
────────────────────────────────────────────────────────────
  SKIP: in ledger as post 33678 — attached location 'Possilpark' instead

────────────────────────────────────────────────────────────
  [40/46] MT Trees
────────────────────────────────────────────────────────────
  SKIP: in ledger as post 33908 — attached location 'Possilpark' instead

────────────────────────────────────────────────────────────
  [41/46] Casey Tree Care
────────────────────────────────────────────────────────────
  SKIP: in ledger as post 33704 — attached location 'Possilpark' instead

────────────────────────────────────────────────────────────
  [42/46] TM Trees - Tree Surgeon Renfrewshire and Glasgow
────────────────────────────────────────────────────────────
  SKIP: in ledger as post 33694 — attached location 'Possilpark' instead

────────────────────────────────────────────────────────────
  [43/46] Stevenson Tree Care
────────────────────────────────────────────────────────────
  SKIP: in ledger as post 33688 — attached location 'Possilpark' instead

────────────────────────────────────────────────────────────
  [44/46] Laurence Keenan Tree Works
────────────────────────────────────────────────────────────
  SKIP: in ledger as post 33706 — attached location 'Possilpark' instead

────────────────────────────────────────────────────────────
  [45/46] CNJ Tree Services
────────────────────────────────────────────────────────────
  SKIP: in ledger as post 33712 — attached location 'Possilpark' instead

────────────────────────────────────────────────────────────
  [46/46] Clarkston Tree Surgeon
────────────────────────────────────────────────────────────
  SKIP: in ledger as post 33702 — attached location 'Possilpark' instead

============================================================
  BATCH COMPLETE — Possilpark
============================================================
  Found:   46
  Created: 0
  Skipped: 46 (already existed)
  Failed:  0
============================================================
