============================================================
  Glasgow Traders — Batch Sniper
  Location: Eaglesham
  Trade: Gardener
  Mode: PUBLISH
============================================================

[LOCATION] Looking for 'Eaglesham'...
  Found: ID=212 name=Eaglesham

[DEDUP] Fetching existing listings...
  1485 existing listings on site
  Ledger: 1467 place_ids

[SEARCH] Finding gardeners in Eaglesham...
  Found 38 candidates (3 filtered as merchants/off-trade)

────────────────────────────────────────────────────────────
  [1/38] Alba Landscapes Ltd
────────────────────────────────────────────────────────────
  SKIP: in ledger as post 33940 — attached location 'Eaglesham' instead

────────────────────────────────────────────────────────────
  [2/38] Blairs Garden Services
────────────────────────────────────────────────────────────
  SKIP: in ledger as post 33920 — attached location 'Eaglesham' instead

────────────────────────────────────────────────────────────
  [3/38] Mr & Mrs Gardens Limited
────────────────────────────────────────────────────────────
  SKIP: in ledger as post 33890 — attached location 'Eaglesham' instead

────────────────────────────────────────────────────────────
  [4/38] Cleancut Garden & Property Maintenance
────────────────────────────────────────────────────────────
  SKIP: in ledger as post 33922 — attached location 'Eaglesham' instead

────────────────────────────────────────────────────────────
  [5/38] Garden Maintenance Scotland
────────────────────────────────────────────────────────────
  SKIP: in ledger as post 33924 — attached location 'Eaglesham' instead

────────────────────────────────────────────────────────────
  [6/38] Scott Mackay Gardens
────────────────────────────────────────────────────────────
  SKIP: in ledger as post 34356 — attached location 'Eaglesham' instead

────────────────────────────────────────────────────────────
  [7/38] Garden Grooming Glasgow
────────────────────────────────────────────────────────────
  SKIP: in ledger as post 33632 — attached location 'Eaglesham' instead

────────────────────────────────────────────────────────────
  [8/38] Lawns and Gardens
────────────────────────────────────────────────────────────
  SKIP: in ledger as post 33928 — attached location 'Eaglesham' instead

────────────────────────────────────────────────────────────
  [9/38] Garden Force - Giffnock, Pollokshields & Newlands,
────────────────────────────────────────────────────────────
  SKIP: in ledger as post 33634 — attached location 'Eaglesham' instead

────────────────────────────────────────────────────────────
  [10/38] R R Garden Services
────────────────────────────────────────────────────────────
  Enriching from Google...
    Address: 58 Brownmuir Ave, Eaglesham, Glasgow G76 0AH, UK
    Phone:   07871 394887
    Website: N/A
    Rating:  None (None reviews)
    Hours:   0 days
    Photos:  0
  Generating featured tile...
  Creating listing...
    Post ID: 34622
    URL: https://glasgowtrader.co.uk/listing/r-r-garden-services/
  Injecting ListingPro sidebar data...
    Result: OK

────────────────────────────────────────────────────────────
  [11/38] J N Landscapes
────────────────────────────────────────────────────────────
  SKIP: in ledger as post 34354 — attached location 'Eaglesham' instead

────────────────────────────────────────────────────────────
  [12/38] Anderson Landscaping
────────────────────────────────────────────────────────────
  SKIP: in ledger as post 33628 — attached location 'Eaglesham' instead

────────────────────────────────────────────────────────────
  [13/38] Precise Landscapes
────────────────────────────────────────────────────────────
  SKIP: in ledger as post 34372 — attached location 'Eaglesham' instead

────────────────────────────────────────────────────────────
  [14/38] Russell Landscapes Ltd
────────────────────────────────────────────────────────────
  Enriching from Google...
    Address: Russell Landscapes Ltd, Holehouse Rd, Eaglesham, Glasgow G76 0JR, UK
    Phone:   N/A
    Website: N/A
    Rating:  None (None reviews)
    Hours:   0 days
    Photos:  0
  Generating featured tile...
  Creating listing...
    Post ID: 34624
    URL: https://glasgowtrader.co.uk/listing/russell-landscapes-ltd/
  Injecting ListingPro sidebar data...
    Result: OK

────────────────────────────────────────────────────────────
  [15/38] MGL Groundworks and Landscaping
────────────────────────────────────────────────────────────
  SKIP: in ledger as post 33636 — attached location 'Eaglesham' instead

────────────────────────────────────────────────────────────
  [16/38] The Lawn Advocates
────────────────────────────────────────────────────────────
  SKIP: in ledger as post 33930 — attached location 'Eaglesham' instead

────────────────────────────────────────────────────────────
  [17/38] Thorntonhall Lawn Care (TLC)
────────────────────────────────────────────────────────────
  Enriching from Google...
    Address: 16 Frederick Blvd, Glasgow G74 5DE, UK
    Phone:   07816 672250
    Website: http://www.thorntonhall-lawn-care.co.uk/
    Rating:  5 (2 reviews)
    Hours:   5 days
    Photos:  0
  Generating featured tile...
  Creating listing...
    Post ID: 34626
    URL: https://glasgowtrader.co.uk/listing/thorntonhall-lawn-care-tlc/
  Injecting ListingPro sidebar data...
    Result: OK

────────────────────────────────────────────────────────────
  [18/38] S L C Garden & Tree
────────────────────────────────────────────────────────────
  SKIP: in ledger as post 33932 — attached location 'Eaglesham' instead

────────────────────────────────────────────────────────────
  [19/38] Clarkston Tree Surgeon
────────────────────────────────────────────────────────────
  SKIP: in ledger as post 33702 — attached location 'Eaglesham' instead

────────────────────────────────────────────────────────────
  [20/38] Southside Tree Surgeons
────────────────────────────────────────────────────────────
  SKIP: in ledger as post 33680 — attached location 'Eaglesham' instead

────────────────────────────────────────────────────────────
  [21/38] Premier Tree Surgeons
────────────────────────────────────────────────────────────
  SKIP: in ledger as post 33874 — attached location 'Eaglesham' instead

────────────────────────────────────────────────────────────
  [22/38] Laurence Keenan Tree Works
────────────────────────────────────────────────────────────
  SKIP: in ledger as post 33706 — attached location 'Eaglesham' instead

────────────────────────────────────────────────────────────
  [23/38] TM Trees - Tree Surgeon Renfrewshire and Glasgow
────────────────────────────────────────────────────────────
  SKIP: in ledger as post 33694 — attached location 'Eaglesham' instead

────────────────────────────────────────────────────────────
  [24/38] GlasGrow Tree Surgeons
────────────────────────────────────────────────────────────
  SKIP: in ledger as post 33676 — attached location 'Eaglesham' instead

────────────────────────────────────────────────────────────
  [25/38] LK Tree Services
────────────────────────────────────────────────────────────
  SKIP: in ledger as post 34306 — attached location 'Eaglesham' instead

────────────────────────────────────────────────────────────
  [26/38] Three Leaf Trees
────────────────────────────────────────────────────────────
  SKIP: in ledger as post 33678 — attached location 'Eaglesham' instead

────────────────────────────────────────────────────────────
  [27/38] Newlands Tree Surgeons
────────────────────────────────────────────────────────────
  SKIP: in ledger as post 33682 — attached location 'Eaglesham' instead

────────────────────────────────────────────────────────────
  [28/38] Campbell Tree Services
────────────────────────────────────────────────────────────
  SKIP: in ledger as post 33710 — attached location 'Eaglesham' instead

────────────────────────────────────────────────────────────
  [29/38] Renfrewshire Tree Surgeons
────────────────────────────────────────────────────────────
  SKIP: in ledger as post 33800 — attached location 'Eaglesham' instead

────────────────────────────────────────────────────────────
  [30/38] Aspen Tree Surgeons Glasgow
────────────────────────────────────────────────────────────
  SKIP: in ledger as post 33686 — attached location 'Eaglesham' instead

────────────────────────────────────────────────────────────
  [31/38] Busby Saws Tree Surgery
────────────────────────────────────────────────────────────
  SKIP: in ledger as post 33942 — attached location 'Eaglesham' instead

────────────────────────────────────────────────────────────
  [32/38] Casey Tree Care
────────────────────────────────────────────────────────────
  SKIP: in ledger as post 33704 — attached location 'Eaglesham' instead

────────────────────────────────────────────────────────────
  [33/38] Stevenson Tree Care
────────────────────────────────────────────────────────────
  SKIP: in ledger as post 33688 — attached location 'Eaglesham' instead

────────────────────────────────────────────────────────────
  [34/38] Cathcart Tree Surgeons
────────────────────────────────────────────────────────────
  SKIP: in ledger as post 33690 — attached location 'Eaglesham' instead

────────────────────────────────────────────────────────────
  [35/38] Excelsior Tree Surgery Limited
────────────────────────────────────────────────────────────
  SKIP: in ledger as post 33868 — attached location 'Eaglesham' instead

────────────────────────────────────────────────────────────
  [36/38] STUMP GRIND GUY Tree Stump Removal Renfrewshire and Glasgow
────────────────────────────────────────────────────────────
  Enriching from Google...
    Address: 40 Sandy Rd, Renfrew PA4 0TE, UK
    Phone:   07447 289889
    Website: http://www.stumpgrindguy.co.uk/
    Rating:  5 (13 reviews)
    Hours:   0 days
    Photos:  0
  Generating featured tile...
  Creating listing...
    Post ID: 34628
    URL: https://glasgowtrader.co.uk/listing/stump-grind-guy-tree-stump-removal-renfrewshire-and-glasgow/
  Injecting ListingPro sidebar data...
    Result: OK

────────────────────────────────────────────────────────────
  [37/38] The Tree Doctor Scotland
────────────────────────────────────────────────────────────
  SKIP: in ledger as post 33696 — attached location 'Eaglesham' instead

────────────────────────────────────────────────────────────
  [38/38] MT Trees
────────────────────────────────────────────────────────────
  SKIP: in ledger as post 33908 — attached location 'Eaglesham' instead

============================================================
  BATCH COMPLETE — Eaglesham
============================================================
  Found:   38
  Created: 4
  Skipped: 34 (already existed)
  Failed:  0
============================================================
