============================================================
  Glasgow Traders — Batch Sniper
  Location: Govanhill
  Trade: Gardener
  Mode: PUBLISH
============================================================

[LOCATION] Looking for 'Govanhill'...
  Found: ID=222 name=Govanhill

[DEDUP] Fetching existing listings...
  1548 existing listings on site
  Ledger: 1530 place_ids

[SEARCH] Finding gardeners in Govanhill...
  Found 46 candidates (1 filtered as merchants/off-trade)

────────────────────────────────────────────────────────────
  [1/46] Jonsen Gardening
────────────────────────────────────────────────────────────
  SKIP: in ledger as post 33627 — attached location 'Govanhill' instead

────────────────────────────────────────────────────────────
  [2/46] GGM Tree Surgery & Landscaping
────────────────────────────────────────────────────────────
  SKIP: in ledger as post 33625 — attached location 'Govanhill' instead

────────────────────────────────────────────────────────────
  [3/46] Sustainable Urban Gardener
────────────────────────────────────────────────────────────
  SKIP: in ledger as post 34816 — attached location 'Govanhill' instead

────────────────────────────────────────────────────────────
  [4/46] Southside Landscaping Projects
────────────────────────────────────────────────────────────
  SKIP: in ledger as post 33638 — attached location 'Govanhill' instead

────────────────────────────────────────────────────────────
  [5/46] Garden & Landscape Services
────────────────────────────────────────────────────────────
  SKIP: in ledger as post 34400 — attached location 'Govanhill' instead

────────────────────────────────────────────────────────────
  [6/46] North Hill Gardens Ltd
────────────────────────────────────────────────────────────
  SKIP: in ledger as post 33629 — attached location 'Govanhill' instead

────────────────────────────────────────────────────────────
  [7/46] Jeremy Needham Garden Designs
────────────────────────────────────────────────────────────
  SKIP: in ledger as post 34754 — attached location 'Govanhill' instead

────────────────────────────────────────────────────────────
  [8/46] Richard Birch Gardens
────────────────────────────────────────────────────────────
  SKIP: in ledger as post 34820 — attached location 'Govanhill' instead

────────────────────────────────────────────────────────────
  [9/46] Landscape Gardeners Glasgow - Decking, Driveways, Fencing & Patios
────────────────────────────────────────────────────────────
  SKIP: in ledger as post 33631 — attached location 'Govanhill' instead

────────────────────────────────────────────────────────────
  [10/46] Glasgow Landscape Gardener
────────────────────────────────────────────────────────────
  SKIP: in ledger as post 33630 — attached location 'Govanhill' instead

────────────────────────────────────────────────────────────
  [11/46] Landscaping Company Of Glasgow
────────────────────────────────────────────────────────────
  SKIP: in ledger as post 33644 — attached location 'Govanhill' instead

────────────────────────────────────────────────────────────
  [12/46] Garden Maintenance Scotland
────────────────────────────────────────────────────────────
  SKIP: in ledger as post 33924 — attached location 'Govanhill' instead

────────────────────────────────────────────────────────────
  [13/46] The Hidden Gardens
────────────────────────────────────────────────────────────
  SKIP: in ledger as post 34834 — attached location 'Govanhill' instead

────────────────────────────────────────────────────────────
  [14/46] Andrew Daly Gardening Services
────────────────────────────────────────────────────────────
  Enriching from Google...
    Address: 2/1, 83 Stanmore Rd, Glasgow G42 9AL, UK
    Phone:   07887 888793
    Website: http://adgardeningservices-glasgow.co.uk/
    Rating:  None (None reviews)
    Hours:   0 days
    Photos:  0
  Generating featured tile...
  Creating listing...
    Post ID: 34846
    URL: https://glasgowtrader.co.uk/listing/andrew-daly-gardening-services/
  Injecting ListingPro sidebar data...
    Result: OK

────────────────────────────────────────────────────────────
  [15/46] Garden Makeovers
────────────────────────────────────────────────────────────
  SKIP: in ledger as post 34358 — attached location 'Govanhill' instead

────────────────────────────────────────────────────────────
  [16/46] Square Yard Garden
────────────────────────────────────────────────────────────
  Enriching from Google...
    Address: 166 Ledard Rd, Glasgow G42 9RA, UK
    Phone:   0141 632 7520
    Website: https://www.finnsplace.org/square-yard-garden.html
    Rating:  None (None reviews)
    Hours:   1 days
    Photos:  0
  Generating featured tile...
  Creating listing...
    Post ID: 34848
    URL: https://glasgowtrader.co.uk/listing/square-yard-garden/
  Injecting ListingPro sidebar data...
    Result: OK

────────────────────────────────────────────────────────────
  [17/46] Anderson Landscaping
────────────────────────────────────────────────────────────
  SKIP: in ledger as post 33628 — attached location 'Govanhill' instead

────────────────────────────────────────────────────────────
  [18/46] New Victoria Gardens Allotments
────────────────────────────────────────────────────────────
  Enriching from Google...
    Address: Glenapp St, Glasgow G41 2LG, UK
    Phone:   0141 287 5064
    Website: https://www.glasgow.gov.uk/allotments
    Rating:  4.9 (12 reviews)
    Hours:   0 days
    Photos:  0
  Generating featured tile...
  Creating listing...
    Post ID: 34850
    URL: https://glasgowtrader.co.uk/listing/new-victoria-gardens-allotments/
  Injecting ListingPro sidebar data...
    Result: OK

────────────────────────────────────────────────────────────
  [19/46] Amac Landscaping & Maintenance
────────────────────────────────────────────────────────────
  SKIP: in ledger as post 33637 — attached location 'Govanhill' instead

────────────────────────────────────────────────────────────
  [20/46] Riverside landscaping
────────────────────────────────────────────────────────────
  SKIP: in ledger as post 33626 — attached location 'Govanhill' instead

────────────────────────────────────────────────────────────
  [21/46] Jollie Landscapes
────────────────────────────────────────────────────────────
  SKIP: in ledger as post 34384 — attached location 'Govanhill' instead

────────────────────────────────────────────────────────────
  [22/46] Thistle Landscapes
────────────────────────────────────────────────────────────
  SKIP: in ledger as post 34818 — attached location 'Govanhill' instead

────────────────────────────────────────────────────────────
  [23/46] Old Glen Landscapes
────────────────────────────────────────────────────────────
  SKIP: in ledger as post 34796 — attached location 'Govanhill' instead

────────────────────────────────────────────────────────────
  [24/46] Hepburn Landscaping & Design
────────────────────────────────────────────────────────────
  SKIP: in ledger as post 33641 — attached location 'Govanhill' instead

────────────────────────────────────────────────────────────
  [25/46] Cherry General Landscaping Ltd
────────────────────────────────────────────────────────────
  SKIP: in ledger as post 34396 — attached location 'Govanhill' instead

────────────────────────────────────────────────────────────
  [26/46] SPK Building & Landscaping
────────────────────────────────────────────────────────────
  SKIP: in ledger as post 34822 — attached location 'Govanhill' instead

────────────────────────────────────────────────────────────
  [27/46] GlasGrow Tree Surgeons
────────────────────────────────────────────────────────────
  SKIP: in ledger as post 33676 — attached location 'Govanhill' instead

────────────────────────────────────────────────────────────
  [28/46] Cathcart Tree Surgeons
────────────────────────────────────────────────────────────
  SKIP: in ledger as post 33690 — attached location 'Govanhill' instead

────────────────────────────────────────────────────────────
  [29/46] Stevenson Tree Care
────────────────────────────────────────────────────────────
  SKIP: in ledger as post 33688 — attached location 'Govanhill' instead

────────────────────────────────────────────────────────────
  [30/46] Three Leaf Trees
────────────────────────────────────────────────────────────
  SKIP: in ledger as post 33678 — attached location 'Govanhill' instead

────────────────────────────────────────────────────────────
  [31/46] Aspen Tree Surgeons Glasgow
────────────────────────────────────────────────────────────
  SKIP: in ledger as post 33686 — attached location 'Govanhill' instead

────────────────────────────────────────────────────────────
  [32/46] The Glasgow Tree Surgeon
────────────────────────────────────────────────────────────
  SKIP: in ledger as post 33674 — attached location 'Govanhill' instead

────────────────────────────────────────────────────────────
  [33/46] Newlands Tree Surgeons
────────────────────────────────────────────────────────────
  SKIP: in ledger as post 33682 — attached location 'Govanhill' instead

────────────────────────────────────────────────────────────
  [34/46] Southside Tree Surgeons
────────────────────────────────────────────────────────────
  SKIP: in ledger as post 33680 — attached location 'Govanhill' instead

────────────────────────────────────────────────────────────
  [35/46] Clarkston Tree Surgeon
────────────────────────────────────────────────────────────
  SKIP: in ledger as post 33702 — attached location 'Govanhill' instead

────────────────────────────────────────────────────────────
  [36/46] Clyde Tree Surgeons Glasgow
────────────────────────────────────────────────────────────
  SKIP: in ledger as post 33684 — attached location 'Govanhill' instead

────────────────────────────────────────────────────────────
  [37/46] Campbell Tree Services
────────────────────────────────────────────────────────────
  SKIP: in ledger as post 33710 — attached location 'Govanhill' instead

────────────────────────────────────────────────────────────
  [38/46] TRS Tree Removal Specialists
────────────────────────────────────────────────────────────
  SKIP: in ledger as post 33698 — attached location 'Govanhill' instead

────────────────────────────────────────────────────────────
  [39/46] Casey Tree Care
────────────────────────────────────────────────────────────
  SKIP: in ledger as post 33704 — attached location 'Govanhill' instead

────────────────────────────────────────────────────────────
  [40/46] Aurea Tree Care
────────────────────────────────────────────────────────────
  SKIP: in ledger as post 34402 — attached location 'Govanhill' instead

────────────────────────────────────────────────────────────
  [41/46] Kean Tree Care
────────────────────────────────────────────────────────────
  Enriching from Google...
    Address: Dundrennan Rd, Glasgow G42 9SB, UK
    Phone:   07835 758056
    Website: https://www.keantreecare.com/
    Rating:  5 (7 reviews)
    Hours:   5 days
    Photos:  0
  Generating featured tile...
  Creating listing...
    Post ID: 34852
    URL: https://glasgowtrader.co.uk/listing/kean-tree-care/
  Injecting ListingPro sidebar data...
    Result: OK

────────────────────────────────────────────────────────────
  [42/46] MT Trees
────────────────────────────────────────────────────────────
  SKIP: in ledger as post 33908 — attached location 'Govanhill' instead

────────────────────────────────────────────────────────────
  [43/46] Premier Tree Surgeons
────────────────────────────────────────────────────────────
  SKIP: in ledger as post 33874 — attached location 'Govanhill' instead

────────────────────────────────────────────────────────────
  [44/46] CNJ Tree Services
────────────────────────────────────────────────────────────
  SKIP: in ledger as post 33712 — attached location 'Govanhill' instead

────────────────────────────────────────────────────────────
  [45/46] LK Tree Services
────────────────────────────────────────────────────────────
  SKIP: in ledger as post 34306 — attached location 'Govanhill' instead

────────────────────────────────────────────────────────────
  [46/46] Thistle Tree Care
────────────────────────────────────────────────────────────
  SKIP: in ledger as post 34780 — attached location 'Govanhill' instead

============================================================
  BATCH COMPLETE — Govanhill
============================================================
  Found:   46
  Created: 4
  Skipped: 42 (already existed)
  Failed:  0
============================================================
