============================================================
  Glasgow Traders — Batch Sniper
  Location: Maryhill
  Trade: Gardener
  Mode: PUBLISH
============================================================

[LOCATION] Looking for 'Maryhill'...
  Found: ID=249 name=Maryhill

[DEDUP] Fetching existing listings...
  1560 existing listings on site
  Ledger: 1542 place_ids

[SEARCH] Finding gardeners in Maryhill...
  Found 49 candidates (4 filtered as merchants/off-trade)

────────────────────────────────────────────────────────────
  [1/49] North Hill Gardens Ltd
────────────────────────────────────────────────────────────
  SKIP: in ledger as post 33629 — attached location 'Maryhill' instead

────────────────────────────────────────────────────────────
  [2/49] Jeremy Needham Garden Designs
────────────────────────────────────────────────────────────
  SKIP: in ledger as post 34754 — attached location 'Maryhill' instead

────────────────────────────────────────────────────────────
  [3/49] Braeside Community Garden
────────────────────────────────────────────────────────────
  Enriching from Google...
    Address: 636 Maryhill Rd, Glasgow G20 7UH, UK
    Phone:   N/A
    Website: https://www.instagram.com/braesidecommunitygarden/
    Rating:  4.7 (3 reviews)
    Hours:   7 days
    Photos:  0
  Generating featured tile...
  Creating listing...
    Post ID: 34870
    URL: https://glasgowtrader.co.uk/listing/braeside-community-garden/
  Injecting ListingPro sidebar data...
    Result: OK

────────────────────────────────────────────────────────────
  [4/49] Tom Swift Gardening
────────────────────────────────────────────────────────────
  SKIP: in ledger as post 34298 — attached location 'Maryhill' instead

────────────────────────────────────────────────────────────
  [5/49] Blairs Garden Services
────────────────────────────────────────────────────────────
  SKIP: in ledger as post 33920 — attached location 'Maryhill' instead

────────────────────────────────────────────────────────────
  [6/49] Mowtown The Gardeners
────────────────────────────────────────────────────────────
  SKIP: in ledger as post 33848 — attached location 'Maryhill' instead

────────────────────────────────────────────────────────────
  [7/49] MIG Garden Care
────────────────────────────────────────────────────────────
  SKIP: in ledger as post 33633 — attached location 'Maryhill' instead

────────────────────────────────────────────────────────────
  [8/49] WEST END GARDEN SERVICES
────────────────────────────────────────────────────────────
  SKIP: in ledger as post 34746 — attached location 'Maryhill' instead

────────────────────────────────────────────────────────────
  [9/49] Belmont Landscaping & Garden Services
────────────────────────────────────────────────────────────
  SKIP: in ledger as post 34348 — attached location 'Maryhill' instead

────────────────────────────────────────────────────────────
  [10/49] The Concrete Garden
────────────────────────────────────────────────────────────
  SKIP: in ledger as post 34762 — attached location 'Maryhill' instead

────────────────────────────────────────────────────────────
  [11/49] Woodlands Community Garden
────────────────────────────────────────────────────────────
  SKIP: in ledger as post 34854 — attached location 'Maryhill' instead

────────────────────────────────────────────────────────────
  [12/49] DH Gardening Services Ltd
────────────────────────────────────────────────────────────
  SKIP: in ledger as post 34308 — attached location 'Maryhill' instead

────────────────────────────────────────────────────────────
  [13/49] Garden Maintenance Scotland
────────────────────────────────────────────────────────────
  SKIP: in ledger as post 33924 — attached location 'Maryhill' instead

────────────────────────────────────────────────────────────
  [14/49] The Hair Gardener
────────────────────────────────────────────────────────────
  Enriching from Google...
    Address: 581 Maryhill Rd, Glasgow G20 7UH, UK
    Phone:   0141 737 0881
    Website: N/A
    Rating:  4.7 (24 reviews)
    Hours:   0 days
    Photos:  0
  Generating featured tile...
  Creating listing...
    Post ID: 34872
    URL: https://glasgowtrader.co.uk/listing/the-hair-gardener/
  Injecting ListingPro sidebar data...
    Result: OK

────────────────────────────────────────────────────────────
  [15/49] Riverside landscaping
────────────────────────────────────────────────────────────
  SKIP: in ledger as post 33626 — attached location 'Maryhill' instead

────────────────────────────────────────────────────────────
  [16/49] Premium Landscaping
────────────────────────────────────────────────────────────
  SKIP: in ledger as post 33672 — attached location 'Maryhill' instead

────────────────────────────────────────────────────────────
  [17/49] MacColl & Stokes Landscaping
────────────────────────────────────────────────────────────
  SKIP: in ledger as post 33643 — attached location 'Maryhill' instead

────────────────────────────────────────────────────────────
  [18/49] Callander Landscapes Limited
────────────────────────────────────────────────────────────
  SKIP: in ledger as post 33962 — attached location 'Maryhill' instead

────────────────────────────────────────────────────────────
  [19/49] Jollie Landscapes
────────────────────────────────────────────────────────────
  SKIP: in ledger as post 34384 — attached location 'Maryhill' instead

────────────────────────────────────────────────────────────
  [20/49] Square Circle Landscapes
────────────────────────────────────────────────────────────
  SKIP: in ledger as post 33642 — attached location 'Maryhill' instead

────────────────────────────────────────────────────────────
  [21/49] Exteria Landscapes
────────────────────────────────────────────────────────────
  SKIP: in ledger as post 33639 — attached location 'Maryhill' instead

────────────────────────────────────────────────────────────
  [22/49] Hepburn Landscaping & Design
────────────────────────────────────────────────────────────
  SKIP: in ledger as post 33641 — attached location 'Maryhill' instead

────────────────────────────────────────────────────────────
  [23/49] Landscaping Company Of Glasgow
────────────────────────────────────────────────────────────
  SKIP: in ledger as post 33644 — attached location 'Maryhill' instead

────────────────────────────────────────────────────────────
  [24/49] Garden & Landscape Services
────────────────────────────────────────────────────────────
  SKIP: in ledger as post 34400 — attached location 'Maryhill' instead

────────────────────────────────────────────────────────────
  [25/49] Glasgow Landscape Gardener
────────────────────────────────────────────────────────────
  SKIP: in ledger as post 33630 — attached location 'Maryhill' instead

────────────────────────────────────────────────────────────
  [26/49] Neil Walker Landscaping & Driveways
────────────────────────────────────────────────────────────
  SKIP: in ledger as post 33982 — attached location 'Maryhill' instead

────────────────────────────────────────────────────────────
  [27/49] Say1 Landscaping Ltd
────────────────────────────────────────────────────────────
  SKIP: in ledger as post 34750 — attached location 'Maryhill' instead

────────────────────────────────────────────────────────────
  [28/49] Paradigm Landscapes
────────────────────────────────────────────────────────────
  SKIP: in ledger as post 34342 — attached location 'Maryhill' instead

────────────────────────────────────────────────────────────
  [29/49] Green Wheels Gardening Services
────────────────────────────────────────────────────────────
  SKIP: in ledger as post 33623 — attached location 'Maryhill' instead

────────────────────────────────────────────────────────────
  [30/49] GlasGrow Tree Surgeons
────────────────────────────────────────────────────────────
  SKIP: in ledger as post 33676 — attached location 'Maryhill' instead

────────────────────────────────────────────────────────────
  [31/49] The Glasgow Tree Surgeon
────────────────────────────────────────────────────────────
  SKIP: in ledger as post 33674 — attached location 'Maryhill' instead

────────────────────────────────────────────────────────────
  [32/49] Clyde Tree Surgeons Glasgow
────────────────────────────────────────────────────────────
  SKIP: in ledger as post 33684 — attached location 'Maryhill' instead

────────────────────────────────────────────────────────────
  [33/49] Cathcart Tree Surgeons
────────────────────────────────────────────────────────────
  SKIP: in ledger as post 33690 — attached location 'Maryhill' instead

────────────────────────────────────────────────────────────
  [34/49] LK Tree Services
────────────────────────────────────────────────────────────
  SKIP: in ledger as post 34306 — attached location 'Maryhill' instead

────────────────────────────────────────────────────────────
  [35/49] Three Leaf Trees
────────────────────────────────────────────────────────────
  SKIP: in ledger as post 33678 — attached location 'Maryhill' instead

────────────────────────────────────────────────────────────
  [36/49] TRS Tree Removal Specialists
────────────────────────────────────────────────────────────
  SKIP: in ledger as post 33698 — attached location 'Maryhill' instead

────────────────────────────────────────────────────────────
  [37/49] Clarkston Tree Surgeon
────────────────────────────────────────────────────────────
  SKIP: in ledger as post 33702 — attached location 'Maryhill' instead

────────────────────────────────────────────────────────────
  [38/49] Oakwood Tree Services
────────────────────────────────────────────────────────────
  SKIP: in ledger as post 34302 — attached location 'Maryhill' instead

────────────────────────────────────────────────────────────
  [39/49] MT Trees
────────────────────────────────────────────────────────────
  SKIP: in ledger as post 33908 — attached location 'Maryhill' instead

────────────────────────────────────────────────────────────
  [40/49] Southside Tree Surgeons
────────────────────────────────────────────────────────────
  SKIP: in ledger as post 33680 — attached location 'Maryhill' instead

────────────────────────────────────────────────────────────
  [41/49] Aurea Tree Care
────────────────────────────────────────────────────────────
  SKIP: in ledger as post 34402 — attached location 'Maryhill' instead

────────────────────────────────────────────────────────────
  [42/49] Stevenson Tree Care
────────────────────────────────────────────────────────────
  SKIP: in ledger as post 33688 — attached location 'Maryhill' instead

────────────────────────────────────────────────────────────
  [43/49] Thistle Tree Care
────────────────────────────────────────────────────────────
  SKIP: in ledger as post 34780 — attached location 'Maryhill' instead

────────────────────────────────────────────────────────────
  [44/49] Aspen Tree Surgeons Glasgow
────────────────────────────────────────────────────────────
  SKIP: in ledger as post 33686 — attached location 'Maryhill' instead

────────────────────────────────────────────────────────────
  [45/49] Bensons Tree Surgery Ltd
────────────────────────────────────────────────────────────
  SKIP: in ledger as post 33708 — attached location 'Maryhill' instead

────────────────────────────────────────────────────────────
  [46/49] Newlands Tree Surgeons
────────────────────────────────────────────────────────────
  SKIP: in ledger as post 33682 — attached location 'Maryhill' instead

────────────────────────────────────────────────────────────
  [47/49] Red Branch Tree Services
────────────────────────────────────────────────────────────
  SKIP: in ledger as post 34756 — attached location 'Maryhill' instead

────────────────────────────────────────────────────────────
  [48/49] CNJ Tree Services
────────────────────────────────────────────────────────────
  SKIP: in ledger as post 33712 — attached location 'Maryhill' instead

────────────────────────────────────────────────────────────
  [49/49] STUMP GRIND GUY Tree Stump Removal Renfrewshire and Glasgow
────────────────────────────────────────────────────────────
  SKIP: in ledger as post 34628 — attached location 'Maryhill' instead

============================================================
  BATCH COMPLETE — Maryhill
============================================================
  Found:   49
  Created: 2
  Skipped: 47 (already existed)
  Failed:  0
============================================================
