============================================================
  Glasgow Traders — Batch Sniper
  Location: Coatbridge
  Trade: Gardener
  Mode: PUBLISH
============================================================

[LOCATION] Looking for 'Coatbridge'...
  Found: ID=204 name=Coatbridge

[DEDUP] Fetching existing listings...
  1098 existing listings on site
  Ledger: 1080 place_ids

[SEARCH] Finding gardeners in Coatbridge...
  Found 15 candidates (6 filtered as merchants/off-trade)

────────────────────────────────────────────────────────────
  [1/15] CUT N BLO LANDSCAPING
────────────────────────────────────────────────────────────
  SKIP: in ledger as post 33810 — attached location 'Coatbridge' instead

────────────────────────────────────────────────────────────
  [2/15] MGS Mark's Gardening Services
────────────────────────────────────────────────────────────
  SKIP: in ledger as post 33812 — attached location 'Coatbridge' instead

────────────────────────────────────────────────────────────
  [3/15] 1st Class Garden Services
────────────────────────────────────────────────────────────
  SKIP: in ledger as post 33816 — attached location 'Coatbridge' instead

────────────────────────────────────────────────────────────
  [4/15] Coatbridge Garden Maintenance
────────────────────────────────────────────────────────────
  SKIP: in ledger as post 33814 — attached location 'Coatbridge' instead

────────────────────────────────────────────────────────────
  [5/15] Cambus Fencing & Landscaping
────────────────────────────────────────────────────────────
  SKIP: in ledger as post 33820 — attached location 'Coatbridge' instead

────────────────────────────────────────────────────────────
  [6/15] Premier Garden Services
────────────────────────────────────────────────────────────
  SKIP: in ledger as post 33806 — attached location 'Coatbridge' instead

────────────────────────────────────────────────────────────
  [7/15] All NU Landscapes
────────────────────────────────────────────────────────────
  SKIP: in ledger as post 33822 — attached location 'Coatbridge' instead

────────────────────────────────────────────────────────────
  [8/15] Complete Lawn and Garden
────────────────────────────────────────────────────────────
  SKIP: in ledger as post 33828 — attached location 'Coatbridge' instead

────────────────────────────────────────────────────────────
  [9/15] Mowtown The Gardeners
────────────────────────────────────────────────────────────
  Enriching from Google...
    Address: 20 Fleming Ave, Chryston, Glasgow G69 9AQ, UK
    Phone:   07754 891603
    Website: https://mowtownthegardener.co.uk/
    Rating:  5 (10 reviews)
    Hours:   2 days
    Photos:  0
  Generating featured tile...
  Creating listing...
    Post ID: 33848
    URL: https://glasgowtrader.co.uk/listing/mowtown-the-gardeners/
  Injecting ListingPro sidebar data...
    Result: OK

────────────────────────────────────────────────────────────
  [10/15] Skill Build Brickwork & Landscaping Ltd
────────────────────────────────────────────────────────────
  SKIP: in ledger as post 32092 — attached location 'Coatbridge' instead

────────────────────────────────────────────────────────────
  [11/15] Forrest Walk Land & Garden Services
────────────────────────────────────────────────────────────
  SKIP: in ledger as post 33818 — attached location 'Coatbridge' instead

────────────────────────────────────────────────────────────
  [12/15] JMF DRIVEWAYS AND LANDSCAPING
────────────────────────────────────────────────────────────
  SKIP: in ledger as post 33844 — attached location 'Coatbridge' instead

────────────────────────────────────────────────────────────
  [13/15] Murray Landscapes Ltd
────────────────────────────────────────────────────────────
  SKIP: in ledger as post 33836 — attached location 'Coatbridge' instead

────────────────────────────────────────────────────────────
  [14/15] Ohana Landscaping
────────────────────────────────────────────────────────────
  Enriching from Google...
    Address: 35C Manse St, Coatbridge ML5 1DH, UK
    Phone:   07342 157562
    Website: http://ohanalandscaping.wordpress.com/
    Rating:  None (None reviews)
    Hours:   6 days
    Photos:  0
  Generating featured tile...
  Creating listing...
    Post ID: 33850
    URL: https://glasgowtrader.co.uk/listing/ohana-landscaping/
  Injecting ListingPro sidebar data...
    Result: OK

────────────────────────────────────────────────────────────
  [15/15] North Lanarkshire Tree Care
────────────────────────────────────────────────────────────
  Enriching from Google...
    Address: 5 Coatbank Way, Coatbridge ML5 3AG, UK
    Phone:   07955 361333
    Website: https://northlanarkshiretreecare.co.uk/
    Rating:  4.6 (5 reviews)
    Hours:   0 days
    Photos:  0
  Generating featured tile...
  Creating listing...
    Post ID: 33852
    URL: https://glasgowtrader.co.uk/listing/north-lanarkshire-tree-care/
  Injecting ListingPro sidebar data...
    Result: OK

============================================================
  BATCH COMPLETE — Coatbridge
============================================================
  Found:   15
  Created: 3
  Skipped: 12 (already existed)
  Failed:  0
============================================================
