============================================================
  Glasgow Traders — Batch Sniper
  Location: Tollcross
  Trade: Gardener
  Mode: PUBLISH
============================================================

[LOCATION] Looking for 'Tollcross'...
  Found: ID=275 name=Tollcross

[DEDUP] Fetching existing listings...
  1570 existing listings on site
  Ledger: 1552 place_ids

[SEARCH] Finding gardeners in Tollcross...
  Found 46 candidates (3 filtered as merchants/off-trade)

────────────────────────────────────────────────────────────
  [1/46] Garden Man - Gardening Services
────────────────────────────────────────────────────────────
  SKIP: in ledger as post 33624 — attached location 'Tollcross' instead

────────────────────────────────────────────────────────────
  [2/46] GGM Tree Surgery & Landscaping
────────────────────────────────────────────────────────────
  SKIP: in ledger as post 33625 — attached location 'Tollcross' instead

────────────────────────────────────────────────────────────
  [3/46] MIG Garden Care
────────────────────────────────────────────────────────────
  SKIP: in ledger as post 33633 — attached location 'Tollcross' instead

────────────────────────────────────────────────────────────
  [4/46] Garden & Landscape Services
────────────────────────────────────────────────────────────
  SKIP: in ledger as post 34400 — attached location 'Tollcross' instead

────────────────────────────────────────────────────────────
  [5/46] The Wash House Garden, C.I.C.
────────────────────────────────────────────────────────────
  SKIP: in ledger as post 34768 — attached location 'Tollcross' instead

────────────────────────────────────────────────────────────
  [6/46] Tollcross Park Rose Garden
────────────────────────────────────────────────────────────
  SKIP: in ledger as post 34888 — attached location 'Tollcross' instead

────────────────────────────────────────────────────────────
  [7/46] Jollie Landscapes
────────────────────────────────────────────────────────────
  SKIP: in ledger as post 34384 — attached location 'Tollcross' instead

────────────────────────────────────────────────────────────
  [8/46] North Hill Gardens Ltd
────────────────────────────────────────────────────────────
  SKIP: in ledger as post 33629 — attached location 'Tollcross' instead

────────────────────────────────────────────────────────────
  [9/46] Hepburn Landscaping & Design
────────────────────────────────────────────────────────────
  SKIP: in ledger as post 33641 — attached location 'Tollcross' instead

────────────────────────────────────────────────────────────
  [10/46] R.A.M Garden & Grounds Maintenance Contractor
────────────────────────────────────────────────────────────
  SKIP: in ledger as post 34316 — attached location 'Tollcross' instead

────────────────────────────────────────────────────────────
  [11/46] Garden Maintenance Scotland
────────────────────────────────────────────────────────────
  SKIP: in ledger as post 33924 — attached location 'Tollcross' instead

────────────────────────────────────────────────────────────
  [12/46] Bespoke Landscape Designs Ltd
────────────────────────────────────────────────────────────
  SKIP: in ledger as post 34392 — attached location 'Tollcross' instead

────────────────────────────────────────────────────────────
  [13/46] Cherry General Landscaping Ltd
────────────────────────────────────────────────────────────
  SKIP: in ledger as post 34396 — attached location 'Tollcross' instead

────────────────────────────────────────────────────────────
  [14/46] Premium Landscaping
────────────────────────────────────────────────────────────
  SKIP: in ledger as post 33672 — attached location 'Tollcross' instead

────────────────────────────────────────────────────────────
  [15/46] Murray's Landscaping and Property Maintenance
────────────────────────────────────────────────────────────
  SKIP: in ledger as post 34772 — attached location 'Tollcross' instead

────────────────────────────────────────────────────────────
  [16/46] The Pantry Garden
────────────────────────────────────────────────────────────
  SKIP: in ledger as post 34828 — attached location 'Tollcross' instead

────────────────────────────────────────────────────────────
  [17/46] Thistle Landscapes & Builders
────────────────────────────────────────────────────────────
  SKIP: in ledger as post 34770 — attached location 'Tollcross' instead

────────────────────────────────────────────────────────────
  [18/46] Anderson Landscaping
────────────────────────────────────────────────────────────
  SKIP: in ledger as post 33628 — attached location 'Tollcross' instead

────────────────────────────────────────────────────────────
  [19/46] Riverside landscaping
────────────────────────────────────────────────────────────
  SKIP: in ledger as post 33626 — attached location 'Tollcross' instead

────────────────────────────────────────────────────────────
  [20/46] Glesga Garden Guy Ltd.
────────────────────────────────────────────────────────────
  SKIP: in ledger as post 33622 — attached location 'Tollcross' instead

────────────────────────────────────────────────────────────
  [21/46] CM Gardens LTD
────────────────────────────────────────────────────────────
  SKIP: in ledger as post 33856 — attached location 'Tollcross' instead

────────────────────────────────────────────────────────────
  [22/46] MGL Groundworks and Landscaping
────────────────────────────────────────────────────────────
  SKIP: in ledger as post 33636 — attached location 'Tollcross' instead

────────────────────────────────────────────────────────────
  [23/46] Glasgow Landscape Gardener
────────────────────────────────────────────────────────────
  SKIP: in ledger as post 33630 — attached location 'Tollcross' instead

────────────────────────────────────────────────────────────
  [24/46] MacColl & Stokes Landscaping
────────────────────────────────────────────────────────────
  SKIP: in ledger as post 33643 — attached location 'Tollcross' instead

────────────────────────────────────────────────────────────
  [25/46] Magical Gardens - Glasgow Garden & Landscaping Specialists
────────────────────────────────────────────────────────────
  SKIP: in ledger as post 34352 — attached location 'Tollcross' instead

────────────────────────────────────────────────────────────
  [26/46] Juniper Landscapes
────────────────────────────────────────────────────────────
  SKIP: in ledger as post 33860 — attached location 'Tollcross' instead

────────────────────────────────────────────────────────────
  [27/46] Murray Landscapes Ltd
────────────────────────────────────────────────────────────
  SKIP: in ledger as post 33836 — attached location 'Tollcross' instead

────────────────────────────────────────────────────────────
  [28/46] GlasGrow Tree Surgeons
────────────────────────────────────────────────────────────
  SKIP: in ledger as post 33676 — attached location 'Tollcross' instead

────────────────────────────────────────────────────────────
  [29/46] Three Leaf Trees
────────────────────────────────────────────────────────────
  SKIP: in ledger as post 33678 — attached location 'Tollcross' instead

────────────────────────────────────────────────────────────
  [30/46] MT Trees
────────────────────────────────────────────────────────────
  SKIP: in ledger as post 33908 — attached location 'Tollcross' instead

────────────────────────────────────────────────────────────
  [31/46] Cathcart Tree Surgeons
────────────────────────────────────────────────────────────
  SKIP: in ledger as post 33690 — attached location 'Tollcross' instead

────────────────────────────────────────────────────────────
  [32/46] The Glasgow Tree Surgeon
────────────────────────────────────────────────────────────
  SKIP: in ledger as post 33674 — attached location 'Tollcross' instead

────────────────────────────────────────────────────────────
  [33/46] TRS Tree Removal Specialists
────────────────────────────────────────────────────────────
  SKIP: in ledger as post 33698 — attached location 'Tollcross' instead

────────────────────────────────────────────────────────────
  [34/46] LK Tree Services
────────────────────────────────────────────────────────────
  SKIP: in ledger as post 34306 — attached location 'Tollcross' instead

────────────────────────────────────────────────────────────
  [35/46] Clarkston Tree Surgeon
────────────────────────────────────────────────────────────
  SKIP: in ledger as post 33702 — attached location 'Tollcross' instead

────────────────────────────────────────────────────────────
  [36/46] Clyde Tree Surgeons Glasgow
────────────────────────────────────────────────────────────
  SKIP: in ledger as post 33684 — attached location 'Tollcross' instead

────────────────────────────────────────────────────────────
  [37/46] Excelsior Tree Surgery Limited
────────────────────────────────────────────────────────────
  SKIP: in ledger as post 33868 — attached location 'Tollcross' instead

────────────────────────────────────────────────────────────
  [38/46] Southside Tree Surgeons
────────────────────────────────────────────────────────────
  SKIP: in ledger as post 33680 — attached location 'Tollcross' instead

────────────────────────────────────────────────────────────
  [39/46] Bensons Tree Surgery Ltd
────────────────────────────────────────────────────────────
  SKIP: in ledger as post 33708 — attached location 'Tollcross' instead

────────────────────────────────────────────────────────────
  [40/46] Stevenson Tree Care
────────────────────────────────────────────────────────────
  SKIP: in ledger as post 33688 — attached location 'Tollcross' instead

────────────────────────────────────────────────────────────
  [41/46] Newlands Tree Surgeons
────────────────────────────────────────────────────────────
  SKIP: in ledger as post 33682 — attached location 'Tollcross' instead

────────────────────────────────────────────────────────────
  [42/46] Aspen Tree Surgeons Glasgow
────────────────────────────────────────────────────────────
  SKIP: in ledger as post 33686 — attached location 'Tollcross' instead

────────────────────────────────────────────────────────────
  [43/46] Casey Tree Care
────────────────────────────────────────────────────────────
  SKIP: in ledger as post 33704 — attached location 'Tollcross' instead

────────────────────────────────────────────────────────────
  [44/46] Campbell Tree Services
────────────────────────────────────────────────────────────
  SKIP: in ledger as post 33710 — attached location 'Tollcross' instead

────────────────────────────────────────────────────────────
  [45/46] The Tree Doctor Scotland
────────────────────────────────────────────────────────────
  SKIP: in ledger as post 33696 — attached location 'Tollcross' instead

────────────────────────────────────────────────────────────
  [46/46] KTS Tree Surgery
────────────────────────────────────────────────────────────
  SKIP: in ledger as post 34336 — attached location 'Tollcross' instead

============================================================
  BATCH COMPLETE — Tollcross
============================================================
  Found:   46
  Created: 0
  Skipped: 46 (already existed)
  Failed:  0
============================================================
