============================================================
  Glasgow Traders — Batch Sniper
  Location: Shettleston
  Trade: Gardener
  Mode: PUBLISH
============================================================

[LOCATION] Looking for 'Shettleston'...
  Found: ID=269 name=Shettleston

[DEDUP] Fetching existing listings...
  1569 existing listings on site
  Ledger: 1551 place_ids

[SEARCH] Finding gardeners in Shettleston...
  Found 46 candidates (4 filtered as merchants/off-trade)

────────────────────────────────────────────────────────────
  [1/46] Garden Man - Gardening Services
────────────────────────────────────────────────────────────
  SKIP: in ledger as post 33624 — attached location 'Shettleston' instead

────────────────────────────────────────────────────────────
  [2/46] GGM Tree Surgery & Landscaping
────────────────────────────────────────────────────────────
  SKIP: in ledger as post 33625 — attached location 'Shettleston' instead

────────────────────────────────────────────────────────────
  [3/46] Glesga Garden Guy Ltd.
────────────────────────────────────────────────────────────
  SKIP: in ledger as post 33622 — attached location 'Shettleston' instead

────────────────────────────────────────────────────────────
  [4/46] Thistle Garden Maintenance
────────────────────────────────────────────────────────────
  SKIP: in ledger as post 33621 — attached location 'Shettleston' instead

────────────────────────────────────────────────────────────
  [5/46] Green Wheels Gardening Services
────────────────────────────────────────────────────────────
  SKIP: in ledger as post 33623 — attached location 'Shettleston' instead

────────────────────────────────────────────────────────────
  [6/46] Jorges landscaping and gardening services
────────────────────────────────────────────────────────────
  SKIP: in ledger as post 33620 — attached location 'Shettleston' instead

────────────────────────────────────────────────────────────
  [7/46] Cherry General Landscaping Ltd
────────────────────────────────────────────────────────────
  SKIP: in ledger as post 34396 — attached location 'Shettleston' instead

────────────────────────────────────────────────────────────
  [8/46] Murray's Landscaping and Property Maintenance
────────────────────────────────────────────────────────────
  SKIP: in ledger as post 34772 — attached location 'Shettleston' instead

────────────────────────────────────────────────────────────
  [9/46] Hepburn Landscaping & Design
────────────────────────────────────────────────────────────
  SKIP: in ledger as post 33641 — attached location 'Shettleston' instead

────────────────────────────────────────────────────────────
  [10/46] The Wash House Garden, C.I.C.
────────────────────────────────────────────────────────────
  SKIP: in ledger as post 34768 — attached location 'Shettleston' instead

────────────────────────────────────────────────────────────
  [11/46] Magical Gardens - Glasgow Garden & Landscaping Specialists
────────────────────────────────────────────────────────────
  SKIP: in ledger as post 34352 — attached location 'Shettleston' instead

────────────────────────────────────────────────────────────
  [12/46] Belmont Landscaping & Garden Services
────────────────────────────────────────────────────────────
  SKIP: in ledger as post 34348 — attached location 'Shettleston' instead

────────────────────────────────────────────────────────────
  [13/46] Glasgow Landscape Gardener
────────────────────────────────────────────────────────────
  SKIP: in ledger as post 33630 — attached location 'Shettleston' instead

────────────────────────────────────────────────────────────
  [14/46] Tollcross Park Rose Garden
────────────────────────────────────────────────────────────
  Enriching from Google...
    Address: Tollcross Rd, Glasgow G32 8TF, UK
    Phone:   N/A
    Website: N/A
    Rating:  4.8 (26 reviews)
    Hours:   0 days
    Photos:  0
  Generating featured tile...
  Creating listing...
    Post ID: 34888
    URL: https://glasgowtrader.co.uk/listing/tollcross-park-rose-garden/
  Injecting ListingPro sidebar data...
    Result: OK

────────────────────────────────────────────────────────────
  [15/46] North Hill Gardens Ltd
────────────────────────────────────────────────────────────
  SKIP: in ledger as post 33629 — attached location 'Shettleston' instead

────────────────────────────────────────────────────────────
  [16/46] Thistle Landscapes & Builders
────────────────────────────────────────────────────────────
  SKIP: in ledger as post 34770 — attached location 'Shettleston' instead

────────────────────────────────────────────────────────────
  [17/46] Riverside landscaping
────────────────────────────────────────────────────────────
  SKIP: in ledger as post 33626 — attached location 'Shettleston' instead

────────────────────────────────────────────────────────────
  [18/46] Bespoke Landscape Designs Ltd
────────────────────────────────────────────────────────────
  SKIP: in ledger as post 34392 — attached location 'Shettleston' instead

────────────────────────────────────────────────────────────
  [19/46] Landscaping Company Of Glasgow
────────────────────────────────────────────────────────────
  SKIP: in ledger as post 33644 — attached location 'Shettleston' instead

────────────────────────────────────────────────────────────
  [20/46] CM Gardens LTD
────────────────────────────────────────────────────────────
  SKIP: in ledger as post 33856 — attached location 'Shettleston' instead

────────────────────────────────────────────────────────────
  [21/46] Landscape Gardeners Glasgow - Decking, Driveways, Fencing & Patios
────────────────────────────────────────────────────────────
  SKIP: in ledger as post 33631 — attached location 'Shettleston' instead

────────────────────────────────────────────────────────────
  [22/46] Jollie Landscapes
────────────────────────────────────────────────────────────
  SKIP: in ledger as post 34384 — attached location 'Shettleston' instead

────────────────────────────────────────────────────────────
  [23/46] Jeremy Needham Garden Designs
────────────────────────────────────────────────────────────
  SKIP: in ledger as post 34754 — attached location 'Shettleston' instead

────────────────────────────────────────────────────────────
  [24/46] MacColl & Stokes Landscaping
────────────────────────────────────────────────────────────
  SKIP: in ledger as post 33643 — attached location 'Shettleston' instead

────────────────────────────────────────────────────────────
  [25/46] Juniper Landscapes
────────────────────────────────────────────────────────────
  SKIP: in ledger as post 33860 — attached location 'Shettleston' instead

────────────────────────────────────────────────────────────
  [26/46] Paradigm Landscapes
────────────────────────────────────────────────────────────
  SKIP: in ledger as post 34342 — attached location 'Shettleston' instead

────────────────────────────────────────────────────────────
  [27/46] Exteria Landscapes
────────────────────────────────────────────────────────────
  SKIP: in ledger as post 33639 — attached location 'Shettleston' instead

────────────────────────────────────────────────────────────
  [28/46] GlasGrow Tree Surgeons
────────────────────────────────────────────────────────────
  SKIP: in ledger as post 33676 — attached location 'Shettleston' instead

────────────────────────────────────────────────────────────
  [29/46] MT Trees
────────────────────────────────────────────────────────────
  SKIP: in ledger as post 33908 — attached location 'Shettleston' instead

────────────────────────────────────────────────────────────
  [30/46] The Glasgow Tree Surgeon
────────────────────────────────────────────────────────────
  SKIP: in ledger as post 33674 — attached location 'Shettleston' instead

────────────────────────────────────────────────────────────
  [31/46] Cathcart Tree Surgeons
────────────────────────────────────────────────────────────
  SKIP: in ledger as post 33690 — attached location 'Shettleston' instead

────────────────────────────────────────────────────────────
  [32/46] Clyde Tree Surgeons Glasgow
────────────────────────────────────────────────────────────
  SKIP: in ledger as post 33684 — attached location 'Shettleston' instead

────────────────────────────────────────────────────────────
  [33/46] Bensons Tree Surgery Ltd
────────────────────────────────────────────────────────────
  SKIP: in ledger as post 33708 — attached location 'Shettleston' instead

────────────────────────────────────────────────────────────
  [34/46] Clarkston Tree Surgeon
────────────────────────────────────────────────────────────
  SKIP: in ledger as post 33702 — attached location 'Shettleston' instead

────────────────────────────────────────────────────────────
  [35/46] LK Tree Services
────────────────────────────────────────────────────────────
  SKIP: in ledger as post 34306 — attached location 'Shettleston' instead

────────────────────────────────────────────────────────────
  [36/46] TRS Tree Removal Specialists
────────────────────────────────────────────────────────────
  SKIP: in ledger as post 33698 — attached location 'Shettleston' instead

────────────────────────────────────────────────────────────
  [37/46] Three Leaf Trees
────────────────────────────────────────────────────────────
  SKIP: in ledger as post 33678 — attached location 'Shettleston' instead

────────────────────────────────────────────────────────────
  [38/46] Stevenson Tree Care
────────────────────────────────────────────────────────────
  SKIP: in ledger as post 33688 — attached location 'Shettleston' instead

────────────────────────────────────────────────────────────
  [39/46] Excelsior Tree Surgery Limited
────────────────────────────────────────────────────────────
  SKIP: in ledger as post 33868 — attached location 'Shettleston' instead

────────────────────────────────────────────────────────────
  [40/46] Southside Tree Surgeons
────────────────────────────────────────────────────────────
  SKIP: in ledger as post 33680 — attached location 'Shettleston' instead

────────────────────────────────────────────────────────────
  [41/46] Newlands Tree Surgeons
────────────────────────────────────────────────────────────
  SKIP: in ledger as post 33682 — attached location 'Shettleston' instead

────────────────────────────────────────────────────────────
  [42/46] Aspen Tree Surgeons Glasgow
────────────────────────────────────────────────────────────
  SKIP: in ledger as post 33686 — attached location 'Shettleston' instead

────────────────────────────────────────────────────────────
  [43/46] Casey Tree Care
────────────────────────────────────────────────────────────
  SKIP: in ledger as post 33704 — attached location 'Shettleston' instead

────────────────────────────────────────────────────────────
  [44/46] Campbell Tree Services
────────────────────────────────────────────────────────────
  SKIP: in ledger as post 33710 — attached location 'Shettleston' instead

────────────────────────────────────────────────────────────
  [45/46] CNJ Tree Services
────────────────────────────────────────────────────────────
  SKIP: in ledger as post 33712 — attached location 'Shettleston' instead

────────────────────────────────────────────────────────────
  [46/46] Thistle Tree Care
────────────────────────────────────────────────────────────
  SKIP: in ledger as post 34780 — attached location 'Shettleston' instead

============================================================
  BATCH COMPLETE — Shettleston
============================================================
  Found:   46
  Created: 1
  Skipped: 45 (already existed)
  Failed:  0
============================================================
