============================================================
  Glasgow Traders — Batch Sniper
  Location: Garthamlock
  Trade: Gardener
  Mode: PUBLISH
============================================================

[LOCATION] Looking for 'Garthamlock'...
  Found: ID=219 name=Garthamlock

[DEDUP] Fetching existing listings...
  1544 existing listings on site
  Ledger: 1526 place_ids

[SEARCH] Finding gardeners in Garthamlock...
  Found 43 candidates (3 filtered as merchants/off-trade)

────────────────────────────────────────────────────────────
  [1/43] Glesga Garden Guy Ltd.
────────────────────────────────────────────────────────────
  SKIP: in ledger as post 33622 — attached location 'Garthamlock' instead

────────────────────────────────────────────────────────────
  [2/43] Garden Man - Gardening Services
────────────────────────────────────────────────────────────
  SKIP: in ledger as post 33624 — attached location 'Garthamlock' instead

────────────────────────────────────────────────────────────
  [3/43] GGM Tree Surgery & Landscaping
────────────────────────────────────────────────────────────
  SKIP: in ledger as post 33625 — attached location 'Garthamlock' instead

────────────────────────────────────────────────────────────
  [4/43] M80 Garden Services
────────────────────────────────────────────────────────────
  SKIP: in ledger as post 34324 — attached location 'Garthamlock' instead

────────────────────────────────────────────────────────────
  [5/43] Jorges landscaping and gardening services
────────────────────────────────────────────────────────────
  SKIP: in ledger as post 33620 — attached location 'Garthamlock' instead

────────────────────────────────────────────────────────────
  [6/43] R.A.M Garden & Grounds Maintenance Contractor
────────────────────────────────────────────────────────────
  SKIP: in ledger as post 34316 — attached location 'Garthamlock' instead

────────────────────────────────────────────────────────────
  [7/43] Mcadam Garden and Home Ltd
────────────────────────────────────────────────────────────
  SKIP: in ledger as post 34360 — attached location 'Garthamlock' instead

────────────────────────────────────────────────────────────
  [8/43] Rake it in gardening services ltd
────────────────────────────────────────────────────────────
  SKIP: in ledger as post 33946 — attached location 'Garthamlock' instead

────────────────────────────────────────────────────────────
  [9/43] MIG Garden Care
────────────────────────────────────────────────────────────
  SKIP: in ledger as post 33633 — attached location 'Garthamlock' instead

────────────────────────────────────────────────────────────
  [10/43] MGL Groundworks and Landscaping
────────────────────────────────────────────────────────────
  SKIP: in ledger as post 33636 — attached location 'Garthamlock' instead

────────────────────────────────────────────────────────────
  [11/43] Magical Gardens - Glasgow Garden & Landscaping Specialists
────────────────────────────────────────────────────────────
  SKIP: in ledger as post 34352 — attached location 'Garthamlock' instead

────────────────────────────────────────────────────────────
  [12/43] Mowtown The Gardeners
────────────────────────────────────────────────────────────
  SKIP: in ledger as post 33848 — attached location 'Garthamlock' instead

────────────────────────────────────────────────────────────
  [13/43] Killoch Garden Services
────────────────────────────────────────────────────────────
  SKIP: in ledger as post 33960 — attached location 'Garthamlock' instead

────────────────────────────────────────────────────────────
  [14/43] Landscape Gardeners Glasgow - Decking, Driveways, Fencing & Patios
────────────────────────────────────────────────────────────
  SKIP: in ledger as post 33631 — attached location 'Garthamlock' instead

────────────────────────────────────────────────────────────
  [15/43] Lawn Ranger Scotland Ltd
────────────────────────────────────────────────────────────
  SKIP: in ledger as post 34764 — attached location 'Garthamlock' instead

────────────────────────────────────────────────────────────
  [16/43] Amac Landscaping & Maintenance
────────────────────────────────────────────────────────────
  SKIP: in ledger as post 33637 — attached location 'Garthamlock' instead

────────────────────────────────────────────────────────────
  [17/43] Riverside landscaping
────────────────────────────────────────────────────────────
  SKIP: in ledger as post 33626 — attached location 'Garthamlock' instead

────────────────────────────────────────────────────────────
  [18/43] Glasgow Landscaping Group
────────────────────────────────────────────────────────────
  SKIP: in ledger as post 33640 — attached location 'Garthamlock' instead

────────────────────────────────────────────────────────────
  [19/43] Hepburn Landscaping & Design
────────────────────────────────────────────────────────────
  SKIP: in ledger as post 33641 — attached location 'Garthamlock' instead

────────────────────────────────────────────────────────────
  [20/43] Garden & Landscape Services
────────────────────────────────────────────────────────────
  SKIP: in ledger as post 34400 — attached location 'Garthamlock' instead

────────────────────────────────────────────────────────────
  [21/43] Cherry General Landscaping Ltd
────────────────────────────────────────────────────────────
  SKIP: in ledger as post 34396 — attached location 'Garthamlock' instead

────────────────────────────────────────────────────────────
  [22/43] Neil Walker Landscaping & Driveways
────────────────────────────────────────────────────────────
  SKIP: in ledger as post 33982 — attached location 'Garthamlock' instead

────────────────────────────────────────────────────────────
  [23/43] Jgm Landscapes Ltd
────────────────────────────────────────────────────────────
  SKIP: in ledger as post 33788 — attached location 'Garthamlock' instead

────────────────────────────────────────────────────────────
  [24/43] Glasgow Landscape Gardener
────────────────────────────────────────────────────────────
  SKIP: in ledger as post 33630 — attached location 'Garthamlock' instead

────────────────────────────────────────────────────────────
  [25/43] GlasGrow Tree Surgeons
────────────────────────────────────────────────────────────
  SKIP: in ledger as post 33676 — attached location 'Garthamlock' instead

────────────────────────────────────────────────────────────
  [26/43] Cathcart Tree Surgeons
────────────────────────────────────────────────────────────
  SKIP: in ledger as post 33690 — attached location 'Garthamlock' instead

────────────────────────────────────────────────────────────
  [27/43] The Glasgow Tree Surgeon
────────────────────────────────────────────────────────────
  SKIP: in ledger as post 33674 — attached location 'Garthamlock' instead

────────────────────────────────────────────────────────────
  [28/43] Bensons Tree Surgery Ltd
────────────────────────────────────────────────────────────
  SKIP: in ledger as post 33708 — attached location 'Garthamlock' instead

────────────────────────────────────────────────────────────
  [29/43] LK Tree Services
────────────────────────────────────────────────────────────
  SKIP: in ledger as post 34306 — attached location 'Garthamlock' instead

────────────────────────────────────────────────────────────
  [30/43] Three Leaf Trees
────────────────────────────────────────────────────────────
  SKIP: in ledger as post 33678 — attached location 'Garthamlock' instead

────────────────────────────────────────────────────────────
  [31/43] TM Trees - Tree Surgeon Renfrewshire and Glasgow
────────────────────────────────────────────────────────────
  SKIP: in ledger as post 33694 — attached location 'Garthamlock' instead

────────────────────────────────────────────────────────────
  [32/43] Clarkston Tree Surgeon
────────────────────────────────────────────────────────────
  SKIP: in ledger as post 33702 — attached location 'Garthamlock' instead

────────────────────────────────────────────────────────────
  [33/43] MT Trees
────────────────────────────────────────────────────────────
  SKIP: in ledger as post 33908 — attached location 'Garthamlock' instead

────────────────────────────────────────────────────────────
  [34/43] TRS Tree Removal Specialists
────────────────────────────────────────────────────────────
  SKIP: in ledger as post 33698 — attached location 'Garthamlock' instead

────────────────────────────────────────────────────────────
  [35/43] Clyde Tree Surgeons Glasgow
────────────────────────────────────────────────────────────
  SKIP: in ledger as post 33684 — attached location 'Garthamlock' instead

────────────────────────────────────────────────────────────
  [36/43] Excelsior Tree Surgery Limited
────────────────────────────────────────────────────────────
  SKIP: in ledger as post 33868 — attached location 'Garthamlock' instead

────────────────────────────────────────────────────────────
  [37/43] The Tree Doctor Scotland
────────────────────────────────────────────────────────────
  SKIP: in ledger as post 33696 — attached location 'Garthamlock' instead

────────────────────────────────────────────────────────────
  [38/43] Treefellas Scotland
────────────────────────────────────────────────────────────
  SKIP: in ledger as post 33878 — attached location 'Garthamlock' instead

────────────────────────────────────────────────────────────
  [39/43] Southside Tree Surgeons
────────────────────────────────────────────────────────────
  SKIP: in ledger as post 33680 — attached location 'Garthamlock' instead

────────────────────────────────────────────────────────────
  [40/43] Stevenson Tree Care
────────────────────────────────────────────────────────────
  SKIP: in ledger as post 33688 — attached location 'Garthamlock' instead

────────────────────────────────────────────────────────────
  [41/43] Aspen Tree Surgeons Glasgow
────────────────────────────────────────────────────────────
  SKIP: in ledger as post 33686 — attached location 'Garthamlock' instead

────────────────────────────────────────────────────────────
  [42/43] Campbell Tree Services
────────────────────────────────────────────────────────────
  SKIP: in ledger as post 33710 — attached location 'Garthamlock' instead

────────────────────────────────────────────────────────────
  [43/43] Newlands Tree Surgeons
────────────────────────────────────────────────────────────
  SKIP: in ledger as post 33682 — attached location 'Garthamlock' instead

============================================================
  BATCH COMPLETE — Garthamlock
============================================================
  Found:   43
  Created: 0
  Skipped: 43 (already existed)
  Failed:  0
============================================================
