============================================================
  Glasgow Traders — Batch Sniper
  Location: Irvine
  Trade: Gardener
  Mode: PUBLISH
============================================================

[LOCATION] Looking for 'Irvine'...
  Found: ID=230 name=Irvine

[DEDUP] Fetching existing listings...
  1438 existing listings on site
  Ledger: 1420 place_ids

[SEARCH] Finding gardeners in Irvine...
  Found 25 candidates (5 filtered as merchants/off-trade)

────────────────────────────────────────────────────────────
  [1/25] Jds Garden Maintenance
────────────────────────────────────────────────────────────
  SKIP: in ledger as post 34500 — attached location 'Irvine' instead

────────────────────────────────────────────────────────────
  [2/25] PRESTIGE LANDSCAPING & PAVING AYRSHIRE
────────────────────────────────────────────────────────────
  SKIP: in ledger as post 34050 — attached location 'Irvine' instead

────────────────────────────────────────────────────────────
  [3/25] Garden Grooming Troon
────────────────────────────────────────────────────────────
  SKIP: in ledger as post 34034 — attached location 'Irvine' instead

────────────────────────────────────────────────────────────
  [4/25] Toms Garden Services
────────────────────────────────────────────────────────────
  SKIP: in ledger as post 34520 — attached location 'Irvine' instead

────────────────────────────────────────────────────────────
  [5/25] LTP Gardening Services
────────────────────────────────────────────────────────────
  Enriching from Google...
    Address: Southward Way, Troon KA10 6UX, UK
    Phone:   07746 745683
    Website: N/A
    Rating:  None (None reviews)
    Hours:   7 days
    Photos:  0
  Generating featured tile...
  Creating listing...
    Post ID: 34528
    URL: https://glasgowtrader.co.uk/listing/ltp-gardening-services/
  Injecting ListingPro sidebar data...
    Result: OK

────────────────────────────────────────────────────────────
  [6/25] S & C Driveways, Landscapes Tarmac & Block Paving Specialists
────────────────────────────────────────────────────────────
  SKIP: in ledger as post 34522 — attached location 'Irvine' instead

────────────────────────────────────────────────────────────
  [7/25] West Coast Home and Garden
────────────────────────────────────────────────────────────
  SKIP: in ledger as post 33231 — attached location 'Irvine' instead

────────────────────────────────────────────────────────────
  [8/25] Irvine's Gardening Service
────────────────────────────────────────────────────────────
  Enriching from Google...
    Address: 6 Sheriff Stein Pl, Arbroath DD11 5JY, UK
    Phone:   01241 439966
    Website: https://www.angusgardener.co.uk/gardener-in-friockheim/
    Rating:  5 (2 reviews)
    Hours:   0 days
    Photos:  0
  Generating featured tile...
  Creating listing...
    Post ID: 34530
    URL: https://glasgowtrader.co.uk/listing/irvines-gardening-service/
  Injecting ListingPro sidebar data...
    Result: OK

────────────────────────────────────────────────────────────
  [9/25] Central Paving & Landscaping Ayrshire
────────────────────────────────────────────────────────────
  SKIP: in ledger as post 34496 — attached location 'Irvine' instead

────────────────────────────────────────────────────────────
  [10/25] Kilwinning Garden Services Ltd
────────────────────────────────────────────────────────────
  SKIP: in ledger as post 34502 — attached location 'Irvine' instead

────────────────────────────────────────────────────────────
  [11/25] Irvine Landscapers
────────────────────────────────────────────────────────────
  Enriching from Google...
    Address: 2600 Michelson Dr #140, Irvine, CA 92612, USA
    Phone:   (949) 267-5564
    Website: https://irvinelandscapers.com/
    Rating:  5 (1 reviews)
    Hours:   7 days
    Photos:  0
  Generating featured tile...
  Creating listing...
    Post ID: 34532
    URL: https://glasgowtrader.co.uk/listing/irvine-landscapers/
  Injecting ListingPro sidebar data...
    Result: OK

────────────────────────────────────────────────────────────
  [12/25] OC West Landscape
────────────────────────────────────────────────────────────
  Enriching from Google...
    Address: 8583 Irvine Center Dr Ste 370, Irvine, CA 92618, USA
    Phone:   (949) 939-6639
    Website: http://ocwest.com/
    Rating:  5 (34 reviews)
    Hours:   5 days
    Photos:  0
  Generating featured tile...
  Creating listing...
    Post ID: 34534
    URL: https://glasgowtrader.co.uk/listing/oc-west-landscape/
  Injecting ListingPro sidebar data...
    Result: OK

────────────────────────────────────────────────────────────
  [13/25] BBS Landscaping ️ ️ ️ ️ ️
────────────────────────────────────────────────────────────
  SKIP: in ledger as post 34504 — attached location 'Irvine' instead

────────────────────────────────────────────────────────────
  [14/25] south county landscapes Inc.
────────────────────────────────────────────────────────────
  Enriching from Google...
    Address: 6 McLaren Unit D, Irvine, CA 92618, USA
    Phone:   (949) 637-1159
    Website: https://southcountylandscapes.com/
    Rating:  4.8 (45 reviews)
    Hours:   6 days
    Photos:  0
  Generating featured tile...
  Creating listing...
    Post ID: 34536
    URL: https://glasgowtrader.co.uk/listing/south-county-landscapes-inc/
  Injecting ListingPro sidebar data...
    Result: OK

────────────────────────────────────────────────────────────
  [15/25] McDonald Landscapes
────────────────────────────────────────────────────────────
  Enriching from Google...
    Address: Whins Rd, Troon KA10 6UE, UK
    Phone:   07963 135220
    Website: http://landscaperayrshire.co.uk/
    Rating:  4.5 (8 reviews)
    Hours:   5 days
    Photos:  0
  Generating featured tile...
  Creating listing...
    Post ID: 34538
    URL: https://glasgowtrader.co.uk/listing/mcdonald-landscapes/
  Injecting ListingPro sidebar data...
    Result: OK

────────────────────────────────────────────────────────────
  [16/25] Proscape Landscaping and Tree Services
────────────────────────────────────────────────────────────
  Enriching from Google...
    Address: 11 Plann Rd, Ayrshire KA2 0EN, UK
    Phone:   01563 340490
    Website: http://proscapelandscaping.co.uk/
    Rating:  5 (4 reviews)
    Hours:   7 days
    Photos:  0
  Generating featured tile...
  Creating listing...
    Post ID: 34540
    URL: https://glasgowtrader.co.uk/listing/proscape-landscaping-and-tree-services/
  Injecting ListingPro sidebar data...
    Result: OK

────────────────────────────────────────────────────────────
  [17/25] K A Tree Surgery
────────────────────────────────────────────────────────────
  SKIP: in ledger as post 34060 — attached location 'Irvine' instead

────────────────────────────────────────────────────────────
  [18/25] Ayrshire Tree Surgeons Ltd
────────────────────────────────────────────────────────────
  SKIP: in ledger as post 34052 — attached location 'Irvine' instead

────────────────────────────────────────────────────────────
  [19/25] West Coast Tree Surgeons
────────────────────────────────────────────────────────────
  SKIP: in ledger as post 34054 — attached location 'Irvine' instead

────────────────────────────────────────────────────────────
  [20/25] The Tree Business
────────────────────────────────────────────────────────────
  SKIP: in ledger as post 34072 — attached location 'Irvine' instead

────────────────────────────────────────────────────────────
  [21/25] McIntosh Tree Care Experts Tree Surgeon Ayrshire
────────────────────────────────────────────────────────────
  SKIP: in ledger as post 34058 — attached location 'Irvine' instead

────────────────────────────────────────────────────────────
  [22/25] John Baird Tree Surgeons
────────────────────────────────────────────────────────────
  SKIP: in ledger as post 34062 — attached location 'Irvine' instead

────────────────────────────────────────────────────────────
  [23/25] Maple Tree & Gardening Services Ayrshire
────────────────────────────────────────────────────────────
  SKIP: in ledger as post 34038 — attached location 'Irvine' instead

────────────────────────────────────────────────────────────
  [24/25] Arboreal Tree Trimming Irvine
────────────────────────────────────────────────────────────
  Enriching from Google...
    Address: 15333 Culver Dr 2287 Ste 340, Irvine, CA 92604, USA
    Phone:   (714) 699-9151
    Website: https://www.treeserviceirvineca.com/
    Rating:  5 (22 reviews)
    Hours:   0 days
    Photos:  0
  Generating featured tile...
  Creating listing...
    Post ID: 34542
    URL: https://glasgowtrader.co.uk/listing/arboreal-tree-trimming-irvine/
  Injecting ListingPro sidebar data...
    Result: OK

────────────────────────────────────────────────────────────
  [25/25] The Tree Doctor Scotland
────────────────────────────────────────────────────────────
  SKIP: in ledger as post 33696 — attached location 'Irvine' instead

============================================================
  BATCH COMPLETE — Irvine
============================================================
  Found:   25
  Created: 8
  Skipped: 17 (already existed)
  Failed:  0
============================================================
