============================================================
  Glasgow Traders — Batch Sniper
  Location: Arden
  Trade: Gardener
  Mode: PUBLISH
============================================================

[LOCATION] Looking for 'Arden'...
  Found: ID=176 name=Arden

[DEDUP] Fetching existing listings...
  1504 existing listings on site
  Ledger: 1486 place_ids

[SEARCH] Finding gardeners in Arden...
  Found 41 candidates (1 filtered as merchants/off-trade)

────────────────────────────────────────────────────────────
  [1/41] CB Garden & Property Domestic & Commercial
────────────────────────────────────────────────────────────
  SKIP: in ledger as post 34076 — attached location 'Arden' instead

────────────────────────────────────────────────────────────
  [2/41] A G Landscapes - Garden Design & Build
────────────────────────────────────────────────────────────
  SKIP: in ledger as post 34010 — attached location 'Arden' instead

────────────────────────────────────────────────────────────
  [3/41] The Gardeners Cottages
────────────────────────────────────────────────────────────
  SKIP: in ledger as post 34432 — attached location 'Arden' instead

────────────────────────────────────────────────────────────
  [4/41] DH Gardening Services Ltd
────────────────────────────────────────────────────────────
  SKIP: in ledger as post 34308 — attached location 'Arden' instead

────────────────────────────────────────────────────────────
  [5/41] Garden Forces
────────────────────────────────────────────────────────────
  SKIP: in ledger as post 33956 — attached location 'Arden' instead

────────────────────────────────────────────────────────────
  [6/41] MGL Groundworks and Landscaping
────────────────────────────────────────────────────────────
  SKIP: in ledger as post 33636 — attached location 'Arden' instead

────────────────────────────────────────────────────────────
  [7/41] Alexander Garden Services
────────────────────────────────────────────────────────────
  SKIP: in ledger as post 34682 — attached location 'Arden' instead

────────────────────────────────────────────────────────────
  [8/41] Paisley Gardening Services
────────────────────────────────────────────────────────────
  SKIP: in ledger as post 33768 — attached location 'Arden' instead

────────────────────────────────────────────────────────────
  [9/41] Walled Garden
────────────────────────────────────────────────────────────
  SKIP: in ledger as post 34688 — attached location 'Arden' instead

────────────────────────────────────────────────────────────
  [10/41] Garden Maintenance Scotland
────────────────────────────────────────────────────────────
  SKIP: in ledger as post 33924 — attached location 'Arden' instead

────────────────────────────────────────────────────────────
  [11/41] Geilston Garden (National Trust for Scotland)
────────────────────────────────────────────────────────────
  SKIP: in ledger as post 34686 — attached location 'Arden' instead

────────────────────────────────────────────────────────────
  [12/41] PR Landscapes
────────────────────────────────────────────────────────────
  SKIP: in ledger as post 34006 — attached location 'Arden' instead

────────────────────────────────────────────────────────────
  [13/41] Anderson Landscaping
────────────────────────────────────────────────────────────
  SKIP: in ledger as post 33628 — attached location 'Arden' instead

────────────────────────────────────────────────────────────
  [14/41] Gr Landscapes Milngavie
────────────────────────────────────────────────────────────
  SKIP: in ledger as post 34294 — attached location 'Arden' instead

────────────────────────────────────────────────────────────
  [15/41] D Halligan Landscapes
────────────────────────────────────────────────────────────
  SKIP: in ledger as post 34018 — attached location 'Arden' instead

────────────────────────────────────────────────────────────
  [16/41] Robert Johnstone Garden Services
────────────────────────────────────────────────────────────
  SKIP: in ledger as post 34454 — attached location 'Arden' instead

────────────────────────────────────────────────────────────
  [17/41] Saltire landscaping
────────────────────────────────────────────────────────────
  SKIP: in ledger as post 34012 — attached location 'Arden' instead

────────────────────────────────────────────────────────────
  [18/41] GGM Tree Surgery & Landscaping
────────────────────────────────────────────────────────────
  SKIP: in ledger as post 33625 — attached location 'Arden' instead

────────────────────────────────────────────────────────────
  [19/41] Ardmore Landscapes
────────────────────────────────────────────────────────────
  Enriching from Google...
    Address: 1 Ardmore Gardens, Drymen, Stirling G63 0BD, UK
    Phone:   07901 916983
    Website: https://ardmorelandscapes.co.uk/contact/
    Rating:  4.5 (2 reviews)
    Hours:   0 days
    Photos:  0
  Generating featured tile...
  Creating listing...
    Post ID: 34758
    URL: https://glasgowtrader.co.uk/listing/ardmore-landscapes/
  Injecting ListingPro sidebar data...
    Result: OK

────────────────────────────────────────────────────────────
  [20/41] SLR Maintenance and Landscaping
────────────────────────────────────────────────────────────
  SKIP: in ledger as post 34462 — attached location 'Arden' instead

────────────────────────────────────────────────────────────
  [21/41] Glenbrae Landscaping
────────────────────────────────────────────────────────────
  SKIP: in ledger as post 33772 — attached location 'Arden' instead

────────────────────────────────────────────────────────────
  [22/41] Premium Landscaping
────────────────────────────────────────────────────────────
  SKIP: in ledger as post 33672 — attached location 'Arden' instead

────────────────────────────────────────────────────────────
  [23/41] Lorimer Tree & Landscape Services
────────────────────────────────────────────────────────────
  SKIP: in ledger as post 34014 — attached location 'Arden' instead

────────────────────────────────────────────────────────────
  [24/41] Monkey Puzzle tree surgery
────────────────────────────────────────────────────────────
  SKIP: in ledger as post 34022 — attached location 'Arden' instead

────────────────────────────────────────────────────────────
  [25/41] Laurence Keenan Tree Works
────────────────────────────────────────────────────────────
  SKIP: in ledger as post 33706 — attached location 'Arden' instead

────────────────────────────────────────────────────────────
  [26/41] Lochside Tree Care & Landscaping
────────────────────────────────────────────────────────────
  SKIP: in ledger as post 34460 — attached location 'Arden' instead

────────────────────────────────────────────────────────────
  [27/41] The Tree Doctor Scotland
────────────────────────────────────────────────────────────
  SKIP: in ledger as post 33696 — attached location 'Arden' instead

────────────────────────────────────────────────────────────
  [28/41] TM Trees - Tree Surgeon Renfrewshire and Glasgow
────────────────────────────────────────────────────────────
  SKIP: in ledger as post 33694 — attached location 'Arden' instead

────────────────────────────────────────────────────────────
  [29/41] Tree Surgeons
────────────────────────────────────────────────────────────
  SKIP: in ledger as post 33804 — attached location 'Arden' instead

────────────────────────────────────────────────────────────
  [30/41] Renfrewshire Tree Surgeons
────────────────────────────────────────────────────────────
  SKIP: in ledger as post 33800 — attached location 'Arden' instead

────────────────────────────────────────────────────────────
  [31/41] Caledonian Tree Services
────────────────────────────────────────────────────────────
  SKIP: in ledger as post 34102 — attached location 'Arden' instead

────────────────────────────────────────────────────────────
  [32/41] Tree Wise Tree Surgeons
────────────────────────────────────────────────────────────
  SKIP: in ledger as post 33692 — attached location 'Arden' instead

────────────────────────────────────────────────────────────
  [33/41] Cairns Tree Surgery
────────────────────────────────────────────────────────────
  SKIP: in ledger as post 34108 — attached location 'Arden' instead

────────────────────────────────────────────────────────────
  [34/41] Aspen Tree Surgeons Glasgow
────────────────────────────────────────────────────────────
  SKIP: in ledger as post 33686 — attached location 'Arden' instead

────────────────────────────────────────────────────────────
  [35/41] Casey Tree Care
────────────────────────────────────────────────────────────
  SKIP: in ledger as post 33704 — attached location 'Arden' instead

────────────────────────────────────────────────────────────
  [36/41] Erskine Tree Surgeons Ltd
────────────────────────────────────────────────────────────
  SKIP: in ledger as post 34106 — attached location 'Arden' instead

────────────────────────────────────────────────────────────
  [37/41] Three Leaf Trees
────────────────────────────────────────────────────────────
  SKIP: in ledger as post 33678 — attached location 'Arden' instead

────────────────────────────────────────────────────────────
  [38/41] Ayrshire Tree Surgeons Ltd
────────────────────────────────────────────────────────────
  SKIP: in ledger as post 34052 — attached location 'Arden' instead

────────────────────────────────────────────────────────────
  [39/41] The Glasgow Tree Surgeon
────────────────────────────────────────────────────────────
  SKIP: in ledger as post 33674 — attached location 'Arden' instead

────────────────────────────────────────────────────────────
  [40/41] Clyde Tree Surgeons Glasgow
────────────────────────────────────────────────────────────
  SKIP: in ledger as post 33684 — attached location 'Arden' instead

────────────────────────────────────────────────────────────
  [41/41] Scottish Pine Tree Works & Gardening
────────────────────────────────────────────────────────────
  SKIP: in ledger as post 33994 — attached location 'Arden' instead

============================================================
  BATCH COMPLETE — Arden
============================================================
  Found:   41
  Created: 1
  Skipped: 40 (already existed)
  Failed:  0
============================================================
