============================================================
  Glasgow Traders — Batch Sniper
  Location: Kelvingrove
  Trade: Gardener
  Mode: PUBLISH
============================================================

[LOCATION] Looking for 'Kelvingrove'...
  Found: ID=234 name=Kelvingrove

[DEDUP] Fetching existing listings...
  1556 existing listings on site
  Ledger: 1538 place_ids

[SEARCH] Finding gardeners in Kelvingrove...
  Found 42 candidates (4 filtered as merchants/off-trade)

────────────────────────────────────────────────────────────
  [1/42] Jorges landscaping and gardening services
────────────────────────────────────────────────────────────
  SKIP: in ledger as post 33620 — attached location 'Kelvingrove' instead

────────────────────────────────────────────────────────────
  [2/42] Green Wheels Gardening Services
────────────────────────────────────────────────────────────
  SKIP: in ledger as post 33623 — attached location 'Kelvingrove' instead

────────────────────────────────────────────────────────────
  [3/42] North Hill Gardens Ltd
────────────────────────────────────────────────────────────
  SKIP: in ledger as post 33629 — attached location 'Kelvingrove' instead

────────────────────────────────────────────────────────────
  [4/42] Handy gardening and fences
────────────────────────────────────────────────────────────
  SKIP: in ledger as post 33948 — attached location 'Kelvingrove' instead

────────────────────────────────────────────────────────────
  [5/42] Jonsen Gardening
────────────────────────────────────────────────────────────
  SKIP: in ledger as post 33627 — attached location 'Kelvingrove' instead

────────────────────────────────────────────────────────────
  [6/42] Glesga Garden Guy Ltd.
────────────────────────────────────────────────────────────
  SKIP: in ledger as post 33622 — attached location 'Kelvingrove' instead

────────────────────────────────────────────────────────────
  [7/42] Garden & Landscape Services
────────────────────────────────────────────────────────────
  SKIP: in ledger as post 34400 — attached location 'Kelvingrove' instead

────────────────────────────────────────────────────────────
  [8/42] Glasgow Landscape Gardener
────────────────────────────────────────────────────────────
  SKIP: in ledger as post 33630 — attached location 'Kelvingrove' instead

────────────────────────────────────────────────────────────
  [9/42] WEST END GARDEN SERVICES
────────────────────────────────────────────────────────────
  SKIP: in ledger as post 34746 — attached location 'Kelvingrove' instead

────────────────────────────────────────────────────────────
  [10/42] Jeremy Needham Garden Designs
────────────────────────────────────────────────────────────
  SKIP: in ledger as post 34754 — attached location 'Kelvingrove' instead

────────────────────────────────────────────────────────────
  [11/42] Anderson Landscaping
────────────────────────────────────────────────────────────
  SKIP: in ledger as post 33628 — attached location 'Kelvingrove' instead

────────────────────────────────────────────────────────────
  [12/42] The Gardener
────────────────────────────────────────────────────────────
  SKIP: in ledger as post 34784 — attached location 'Kelvingrove' instead

────────────────────────────────────────────────────────────
  [13/42] Tom Swift Gardening
────────────────────────────────────────────────────────────
  SKIP: in ledger as post 34298 — attached location 'Kelvingrove' instead

────────────────────────────────────────────────────────────
  [14/42] Landscape Gardeners Glasgow - Decking, Driveways, Fencing & Patios
────────────────────────────────────────────────────────────
  SKIP: in ledger as post 33631 — attached location 'Kelvingrove' instead

────────────────────────────────────────────────────────────
  [15/42] Riverside landscaping
────────────────────────────────────────────────────────────
  SKIP: in ledger as post 33626 — attached location 'Kelvingrove' instead

────────────────────────────────────────────────────────────
  [16/42] Glasgow Landscaping Group
────────────────────────────────────────────────────────────
  SKIP: in ledger as post 33640 — attached location 'Kelvingrove' instead

────────────────────────────────────────────────────────────
  [17/42] Landscaping Company Of Glasgow
────────────────────────────────────────────────────────────
  SKIP: in ledger as post 33644 — attached location 'Kelvingrove' instead

────────────────────────────────────────────────────────────
  [18/42] Square Circle Landscapes
────────────────────────────────────────────────────────────
  SKIP: in ledger as post 33642 — attached location 'Kelvingrove' instead

────────────────────────────────────────────────────────────
  [19/42] Southside Landscaping Projects
────────────────────────────────────────────────────────────
  SKIP: in ledger as post 33638 — attached location 'Kelvingrove' instead

────────────────────────────────────────────────────────────
  [20/42] Hepburn Landscaping & Design
────────────────────────────────────────────────────────────
  SKIP: in ledger as post 33641 — attached location 'Kelvingrove' instead

────────────────────────────────────────────────────────────
  [21/42] MGL Groundworks and Landscaping
────────────────────────────────────────────────────────────
  SKIP: in ledger as post 33636 — attached location 'Kelvingrove' instead

────────────────────────────────────────────────────────────
  [22/42] GGM Tree Surgery & Landscaping
────────────────────────────────────────────────────────────
  SKIP: in ledger as post 33625 — attached location 'Kelvingrove' instead

────────────────────────────────────────────────────────────
  [23/42] Clyde Tree Surgeons Glasgow
────────────────────────────────────────────────────────────
  SKIP: in ledger as post 33684 — attached location 'Kelvingrove' instead

────────────────────────────────────────────────────────────
  [24/42] The Glasgow Tree Surgeon
────────────────────────────────────────────────────────────
  SKIP: in ledger as post 33674 — attached location 'Kelvingrove' instead

────────────────────────────────────────────────────────────
  [25/42] GlasGrow Tree Surgeons
────────────────────────────────────────────────────────────
  SKIP: in ledger as post 33676 — attached location 'Kelvingrove' instead

────────────────────────────────────────────────────────────
  [26/42] Three Leaf Trees
────────────────────────────────────────────────────────────
  SKIP: in ledger as post 33678 — attached location 'Kelvingrove' instead

────────────────────────────────────────────────────────────
  [27/42] Laurence Keenan Tree Works
────────────────────────────────────────────────────────────
  SKIP: in ledger as post 33706 — attached location 'Kelvingrove' instead

────────────────────────────────────────────────────────────
  [28/42] Cathcart Tree Surgeons
────────────────────────────────────────────────────────────
  SKIP: in ledger as post 33690 — attached location 'Kelvingrove' instead

────────────────────────────────────────────────────────────
  [29/42] The Tree Doctor Scotland
────────────────────────────────────────────────────────────
  SKIP: in ledger as post 33696 — attached location 'Kelvingrove' instead

────────────────────────────────────────────────────────────
  [30/42] Casey Tree Care
────────────────────────────────────────────────────────────
  SKIP: in ledger as post 33704 — attached location 'Kelvingrove' instead

────────────────────────────────────────────────────────────
  [31/42] LK Tree Services
────────────────────────────────────────────────────────────
  SKIP: in ledger as post 34306 — attached location 'Kelvingrove' instead

────────────────────────────────────────────────────────────
  [32/42] TRS Tree Removal Specialists
────────────────────────────────────────────────────────────
  SKIP: in ledger as post 33698 — attached location 'Kelvingrove' instead

────────────────────────────────────────────────────────────
  [33/42] Southside Tree Surgeons
────────────────────────────────────────────────────────────
  SKIP: in ledger as post 33680 — attached location 'Kelvingrove' instead

────────────────────────────────────────────────────────────
  [34/42] Tree Wise Tree Surgeons
────────────────────────────────────────────────────────────
  SKIP: in ledger as post 33692 — attached location 'Kelvingrove' instead

────────────────────────────────────────────────────────────
  [35/42] Newlands Tree Surgeons
────────────────────────────────────────────────────────────
  SKIP: in ledger as post 33682 — attached location 'Kelvingrove' instead

────────────────────────────────────────────────────────────
  [36/42] Campbell Tree Services
────────────────────────────────────────────────────────────
  SKIP: in ledger as post 33710 — attached location 'Kelvingrove' instead

────────────────────────────────────────────────────────────
  [37/42] Thistle Tree Care
────────────────────────────────────────────────────────────
  SKIP: in ledger as post 34780 — attached location 'Kelvingrove' instead

────────────────────────────────────────────────────────────
  [38/42] Aspen Tree Surgeons Glasgow
────────────────────────────────────────────────────────────
  SKIP: in ledger as post 33686 — attached location 'Kelvingrove' instead

────────────────────────────────────────────────────────────
  [39/42] Bensons Tree Surgery Ltd
────────────────────────────────────────────────────────────
  SKIP: in ledger as post 33708 — attached location 'Kelvingrove' instead

────────────────────────────────────────────────────────────
  [40/42] Stevenson Tree Care
────────────────────────────────────────────────────────────
  SKIP: in ledger as post 33688 — attached location 'Kelvingrove' instead

────────────────────────────────────────────────────────────
  [41/42] CNJ Tree Services
────────────────────────────────────────────────────────────
  SKIP: in ledger as post 33712 — attached location 'Kelvingrove' instead

────────────────────────────────────────────────────────────
  [42/42] Glasgow Arborists
────────────────────────────────────────────────────────────
  SKIP: in ledger as post 33700 — attached location 'Kelvingrove' instead

============================================================
  BATCH COMPLETE — Kelvingrove
============================================================
  Found:   42
  Created: 0
  Skipped: 42 (already existed)
  Failed:  0
============================================================
