============================================================
  Glasgow Traders — Batch Sniper
  Location: Strathbungo
  Trade: Gardener
  Mode: PUBLISH
============================================================

[LOCATION] Looking for 'Strathbungo'...
  Found: ID=273 name=Strathbungo

[DEDUP] Fetching existing listings...
  1570 existing listings on site
  Ledger: 1552 place_ids

[SEARCH] Finding gardeners in Strathbungo...
  Found 50 candidates (2 filtered as merchants/off-trade)

────────────────────────────────────────────────────────────
  [1/50] Jorges landscaping and gardening services
────────────────────────────────────────────────────────────
  SKIP: in ledger as post 33620 — attached location 'Strathbungo' instead

────────────────────────────────────────────────────────────
  [2/50] GGM Tree Surgery & Landscaping
────────────────────────────────────────────────────────────
  SKIP: in ledger as post 33625 — attached location 'Strathbungo' instead

────────────────────────────────────────────────────────────
  [3/50] Glesga Garden Guy Ltd.
────────────────────────────────────────────────────────────
  SKIP: in ledger as post 33622 — attached location 'Strathbungo' instead

────────────────────────────────────────────────────────────
  [4/50] Garden & Landscape Services
────────────────────────────────────────────────────────────
  SKIP: in ledger as post 34400 — attached location 'Strathbungo' instead

────────────────────────────────────────────────────────────
  [5/50] Southside Landscaping Projects
────────────────────────────────────────────────────────────
  SKIP: in ledger as post 33638 — attached location 'Strathbungo' instead

────────────────────────────────────────────────────────────
  [6/50] Sustainable Urban Gardener
────────────────────────────────────────────────────────────
  SKIP: in ledger as post 34816 — attached location 'Strathbungo' instead

────────────────────────────────────────────────────────────
  [7/50] Richard Birch Gardens
────────────────────────────────────────────────────────────
  SKIP: in ledger as post 34820 — attached location 'Strathbungo' instead

────────────────────────────────────────────────────────────
  [8/50] Rake it in gardening services ltd
────────────────────────────────────────────────────────────
  SKIP: in ledger as post 33946 — attached location 'Strathbungo' instead

────────────────────────────────────────────────────────────
  [9/50] Anderson Landscaping
────────────────────────────────────────────────────────────
  SKIP: in ledger as post 33628 — attached location 'Strathbungo' instead

────────────────────────────────────────────────────────────
  [10/50] Killoch Garden Services
────────────────────────────────────────────────────────────
  SKIP: in ledger as post 33960 — attached location 'Strathbungo' instead

────────────────────────────────────────────────────────────
  [11/50] The Hidden Gardens
────────────────────────────────────────────────────────────
  SKIP: in ledger as post 34834 — attached location 'Strathbungo' instead

────────────────────────────────────────────────────────────
  [12/50] R.A.M Garden & Grounds Maintenance Contractor
────────────────────────────────────────────────────────────
  SKIP: in ledger as post 34316 — attached location 'Strathbungo' instead

────────────────────────────────────────────────────────────
  [13/50] New Victoria Gardens Allotments
────────────────────────────────────────────────────────────
  SKIP: in ledger as post 34850 — attached location 'Strathbungo' instead

────────────────────────────────────────────────────────────
  [14/50] SPK Building & Landscaping
────────────────────────────────────────────────────────────
  SKIP: in ledger as post 34822 — attached location 'Strathbungo' instead

────────────────────────────────────────────────────────────
  [15/50] Dan Frazer Gardening
────────────────────────────────────────────────────────────
  SKIP: in ledger as post 34320 — attached location 'Strathbungo' instead

────────────────────────────────────────────────────────────
  [16/50] Andrew Daly Gardening Services
────────────────────────────────────────────────────────────
  SKIP: in ledger as post 34846 — attached location 'Strathbungo' instead

────────────────────────────────────────────────────────────
  [17/50] Square Yard Garden
────────────────────────────────────────────────────────────
  SKIP: in ledger as post 34848 — attached location 'Strathbungo' instead

────────────────────────────────────────────────────────────
  [18/50] Riverside landscaping
────────────────────────────────────────────────────────────
  SKIP: in ledger as post 33626 — attached location 'Strathbungo' instead

────────────────────────────────────────────────────────────
  [19/50] Amac Landscaping & Maintenance
────────────────────────────────────────────────────────────
  SKIP: in ledger as post 33637 — attached location 'Strathbungo' instead

────────────────────────────────────────────────────────────
  [20/50] Essenjay Tree & Grass Care Services Ltd
────────────────────────────────────────────────────────────
  SKIP: in ledger as post 34346 — attached location 'Strathbungo' instead

────────────────────────────────────────────────────────────
  [21/50] Glasgow Landscaping Group
────────────────────────────────────────────────────────────
  SKIP: in ledger as post 33640 — attached location 'Strathbungo' instead

────────────────────────────────────────────────────────────
  [22/50] Jollie Landscapes
────────────────────────────────────────────────────────────
  SKIP: in ledger as post 34384 — attached location 'Strathbungo' instead

────────────────────────────────────────────────────────────
  [23/50] Jonsen Gardening
────────────────────────────────────────────────────────────
  SKIP: in ledger as post 33627 — attached location 'Strathbungo' instead

────────────────────────────────────────────────────────────
  [24/50] Hepburn Landscaping & Design
────────────────────────────────────────────────────────────
  SKIP: in ledger as post 33641 — attached location 'Strathbungo' instead

────────────────────────────────────────────────────────────
  [25/50] Landscape Gardeners Glasgow - Decking, Driveways, Fencing & Patios
────────────────────────────────────────────────────────────
  SKIP: in ledger as post 33631 — attached location 'Strathbungo' instead

────────────────────────────────────────────────────────────
  [26/50] Glasgow Landscape Gardener
────────────────────────────────────────────────────────────
  SKIP: in ledger as post 33630 — attached location 'Strathbungo' instead

────────────────────────────────────────────────────────────
  [27/50] Jeremy Needham Garden Designs
────────────────────────────────────────────────────────────
  SKIP: in ledger as post 34754 — attached location 'Strathbungo' instead

────────────────────────────────────────────────────────────
  [28/50] Green Wheels Gardening Services
────────────────────────────────────────────────────────────
  SKIP: in ledger as post 33623 — attached location 'Strathbungo' instead

────────────────────────────────────────────────────────────
  [29/50] Landscaping Company Of Glasgow
────────────────────────────────────────────────────────────
  SKIP: in ledger as post 33644 — attached location 'Strathbungo' instead

────────────────────────────────────────────────────────────
  [30/50] Old Glen Landscapes
────────────────────────────────────────────────────────────
  SKIP: in ledger as post 34796 — attached location 'Strathbungo' instead

────────────────────────────────────────────────────────────
  [31/50] Stevenson Tree Care
────────────────────────────────────────────────────────────
  SKIP: in ledger as post 33688 — attached location 'Strathbungo' instead

────────────────────────────────────────────────────────────
  [32/50] Three Leaf Trees
────────────────────────────────────────────────────────────
  SKIP: in ledger as post 33678 — attached location 'Strathbungo' instead

────────────────────────────────────────────────────────────
  [33/50] GlasGrow Tree Surgeons
────────────────────────────────────────────────────────────
  SKIP: in ledger as post 33676 — attached location 'Strathbungo' instead

────────────────────────────────────────────────────────────
  [34/50] Cathcart Tree Surgeons
────────────────────────────────────────────────────────────
  SKIP: in ledger as post 33690 — attached location 'Strathbungo' instead

────────────────────────────────────────────────────────────
  [35/50] Newlands Tree Surgeons
────────────────────────────────────────────────────────────
  SKIP: in ledger as post 33682 — attached location 'Strathbungo' instead

────────────────────────────────────────────────────────────
  [36/50] Southside Tree Surgeons
────────────────────────────────────────────────────────────
  SKIP: in ledger as post 33680 — attached location 'Strathbungo' instead

────────────────────────────────────────────────────────────
  [37/50] Campbell Tree Services
────────────────────────────────────────────────────────────
  SKIP: in ledger as post 33710 — attached location 'Strathbungo' instead

────────────────────────────────────────────────────────────
  [38/50] The Glasgow Tree Surgeon
────────────────────────────────────────────────────────────
  SKIP: in ledger as post 33674 — attached location 'Strathbungo' instead

────────────────────────────────────────────────────────────
  [39/50] Aspen Tree Surgeons Glasgow
────────────────────────────────────────────────────────────
  SKIP: in ledger as post 33686 — attached location 'Strathbungo' instead

────────────────────────────────────────────────────────────
  [40/50] Casey Tree Care
────────────────────────────────────────────────────────────
  SKIP: in ledger as post 33704 — attached location 'Strathbungo' instead

────────────────────────────────────────────────────────────
  [41/50] Clarkston Tree Surgeon
────────────────────────────────────────────────────────────
  SKIP: in ledger as post 33702 — attached location 'Strathbungo' instead

────────────────────────────────────────────────────────────
  [42/50] TRS Tree Removal Specialists
────────────────────────────────────────────────────────────
  SKIP: in ledger as post 33698 — attached location 'Strathbungo' instead

────────────────────────────────────────────────────────────
  [43/50] Thistle Tree Care
────────────────────────────────────────────────────────────
  SKIP: in ledger as post 34780 — attached location 'Strathbungo' instead

────────────────────────────────────────────────────────────
  [44/50] Bensons Tree Surgery Ltd
────────────────────────────────────────────────────────────
  SKIP: in ledger as post 33708 — attached location 'Strathbungo' instead

────────────────────────────────────────────────────────────
  [45/50] Premier Tree Surgeons
────────────────────────────────────────────────────────────
  SKIP: in ledger as post 33874 — attached location 'Strathbungo' instead

────────────────────────────────────────────────────────────
  [46/50] Clyde Tree Surgeons Glasgow
────────────────────────────────────────────────────────────
  SKIP: in ledger as post 33684 — attached location 'Strathbungo' instead

────────────────────────────────────────────────────────────
  [47/50] CNJ Tree Services
────────────────────────────────────────────────────────────
  SKIP: in ledger as post 33712 — attached location 'Strathbungo' instead

────────────────────────────────────────────────────────────
  [48/50] TM Trees - Tree Surgeon Renfrewshire and Glasgow
────────────────────────────────────────────────────────────
  SKIP: in ledger as post 33694 — attached location 'Strathbungo' instead

────────────────────────────────────────────────────────────
  [49/50] Excelsior Tree Surgery Limited
────────────────────────────────────────────────────────────
  SKIP: in ledger as post 33868 — attached location 'Strathbungo' instead

────────────────────────────────────────────────────────────
  [50/50] Aurea Tree Care
────────────────────────────────────────────────────────────
  SKIP: in ledger as post 34402 — attached location 'Strathbungo' instead

============================================================
  BATCH COMPLETE — Strathbungo
============================================================
  Found:   50
  Created: 0
  Skipped: 50 (already existed)
  Failed:  0
============================================================
