============================================================
  Glasgow Traders — Batch Sniper
  Location: Falkirk
  Trade: Heating Engineer
  Mode: PUBLISH
============================================================

[LOCATION] Looking for 'Falkirk'...
  Found: ID=215 name=Falkirk

[DEDUP] Fetching existing listings...
  2590 existing listings on site
  Ledger: 2573 place_ids

[SEARCH] Finding heating engineers in Falkirk...
  Found 20 candidates (2 filtered as merchants/off-trade)

────────────────────────────────────────────────────────────
  [1/20] Cozy Heat Plumbing and Heating
────────────────────────────────────────────────────────────
  SKIP: in ledger as post 28959 — attached location 'Falkirk' instead

────────────────────────────────────────────────────────────
  [2/20] P F Plumbing Heating And Gas Services Ltd
────────────────────────────────────────────────────────────
  SKIP: in ledger as post 28965 — attached location 'Falkirk' instead

────────────────────────────────────────────────────────────
  [3/20] Morland & Martin Plumbing & Heating Ltd
────────────────────────────────────────────────────────────
  SKIP: in ledger as post 28954 — attached location 'Falkirk' instead

────────────────────────────────────────────────────────────
  [4/20] Heatsafe Heating Ltd
────────────────────────────────────────────────────────────
  Enriching from Google...
    Address: Hub, 45 Vicar St, Falkirk FK1 1LL, UK
    Phone:   01324 332899
    Website: https://heatsafeheatingltd.co.uk/
    Rating:  5 (160 reviews)
    Hours:   5 days
    Photos:  0
  Generating featured tile...
  Creating listing...
    Post ID: 36932
    URL: https://glasgowtrader.co.uk/listing/heatsafe-heating-ltd/
  Injecting ListingPro sidebar data...
    Result: OK

────────────────────────────────────────────────────────────
  [5/20] Moss Plumbing And Heating
────────────────────────────────────────────────────────────
  SKIP: in ledger as post 28949 — attached location 'Falkirk' instead

────────────────────────────────────────────────────────────
  [6/20] Boiler Sure - Electric & Plumbing Repairs
────────────────────────────────────────────────────────────
  SKIP: in ledger as post 28975 — attached location 'Falkirk' instead

────────────────────────────────────────────────────────────
  [7/20] KlasGas Ltd
────────────────────────────────────────────────────────────
  SKIP: in ledger as post 29000 — attached location 'Falkirk' instead

────────────────────────────────────────────────────────────
  [8/20] R W Yuile Plumbing Heating Gas Services Ltd
────────────────────────────────────────────────────────────
  SKIP: in ledger as post 28980 — attached location 'Falkirk' instead

────────────────────────────────────────────────────────────
  [9/20] D Steel Gas Services
────────────────────────────────────────────────────────────
  Enriching from Google...
    Address: 4 Kennard St, Falkirk FK2 9EH, UK
    Phone:   07894 333306
    Website: http://www.dsteelgasservices.co.uk/
    Rating:  4.8 (17 reviews)
    Hours:   5 days
    Photos:  0
  Generating featured tile...
  Creating listing...
    Post ID: 36934
    URL: https://glasgowtrader.co.uk/listing/d-steel-gas-services/
  Injecting ListingPro sidebar data...
    Result: OK

────────────────────────────────────────────────────────────
  [10/20] PlumbSpares Plumbing & Heating Services
────────────────────────────────────────────────────────────
  Enriching from Google...
    Address: 22 California Terrace, California, Falkirk FK1 2DD, UK
    Phone:   01324 871522
    Website: http://www.plumbspares.co.uk/
    Rating:  5 (33 reviews)
    Hours:   6 days
    Photos:  0
  Generating featured tile...
  Creating listing...
    Post ID: 36936
    URL: https://glasgowtrader.co.uk/listing/plumbspares-plumbing-heating-services-2/
  Injecting ListingPro sidebar data...
    Result: OK

────────────────────────────────────────────────────────────
  [11/20] Falkirk Gas company
────────────────────────────────────────────────────────────
  Enriching from Google...
    Address: Meadowcroft, 101 Waggon Rd, Falkirk FK2 0EJ, UK
    Phone:   07751 415922
    Website: N/A
    Rating:  5 (2 reviews)
    Hours:   1 days
    Photos:  0
  Generating featured tile...
  Creating listing...
    Post ID: 36938
    URL: https://glasgowtrader.co.uk/listing/falkirk-gas-company/
  Injecting ListingPro sidebar data...
    Result: OK

────────────────────────────────────────────────────────────
  [12/20] Seb Plumber Plumbing & Heating
────────────────────────────────────────────────────────────
  Enriching from Google...
    Address: 37 Stephens Croft, Falkirk FK2 7GU, UK
    Phone:   07713 431024
    Website: http://sebplumberplumbingandheating.co.uk/
    Rating:  5 (8 reviews)
    Hours:   7 days
    Photos:  0
  Generating featured tile...
  Creating listing...
    Post ID: 36940
    URL: https://glasgowtrader.co.uk/listing/seb-plumber-plumbing-heating/
  Injecting ListingPro sidebar data...
    Result: OK

────────────────────────────────────────────────────────────
  [13/20] Falkirk Boilers
────────────────────────────────────────────────────────────
  Enriching from Google...
    Address: 20 Deanfield Dr, Bo'ness EH51 0EZ, UK
    Phone:   07964 322001
    Website: http://www.falkirkboilers.co.uk/
    Rating:  5 (2 reviews)
    Hours:   0 days
    Photos:  0
  Generating featured tile...
  Creating listing...
    Post ID: 36942
    URL: https://glasgowtrader.co.uk/listing/falkirk-boilers/
  Injecting ListingPro sidebar data...
    Result: OK

────────────────────────────────────────────────────────────
  [14/20] Gordon Herd Plumbing & Heating Services
────────────────────────────────────────────────────────────
  Enriching from Google...
    Address: 32 Ochilview, Denny FK6 5NQ, UK
    Phone:   07734 709794
    Website: https://ghplumbing-heating.co.uk/
    Rating:  4.6 (21 reviews)
    Hours:   0 days
    Photos:  0
  Generating featured tile...
  Creating listing...
    Post ID: 36944
    URL: https://glasgowtrader.co.uk/listing/gordon-herd-plumbing-heating-services/
  Injecting ListingPro sidebar data...
    Result: OK

────────────────────────────────────────────────────────────
  [15/20] Gasglow Ltd
────────────────────────────────────────────────────────────
  Enriching from Google...
    Address: 63 Slamannan Rd, Falkirk FK1 5NQ, UK
    Phone:   01324 406011
    Website: https://www.gasglowlimited.co.uk/
    Rating:  5 (7 reviews)
    Hours:   0 days
    Photos:  0
  Generating featured tile...
  Creating listing...
    Post ID: 36946
    URL: https://glasgowtrader.co.uk/listing/gasglow-ltd/
  Injecting ListingPro sidebar data...
    Result: OK

────────────────────────────────────────────────────────────
  [16/20] SMT Plumbing Heating (SCOTLAND) LTD
────────────────────────────────────────────────────────────
  SKIP: in ledger as post 28990 — attached location 'Falkirk' instead

────────────────────────────────────────────────────────────
  [17/20] Smart Boiler Solutions Falkirk
────────────────────────────────────────────────────────────
  Enriching from Google...
    Address: 2 Laurie Gardens, Brightons, Falkirk FK2 0GY, UK
    Phone:   01324 238285
    Website: https://smartboilersolutions.com/falkirk
    Rating:  5 (1 reviews)
    Hours:   0 days
    Photos:  0
  Generating featured tile...
  Creating listing...
    Post ID: 36948
    URL: https://glasgowtrader.co.uk/listing/smart-boiler-solutions-falkirk/
  Injecting ListingPro sidebar data...
    Result: OK

────────────────────────────────────────────────────────────
  [18/20] Falkirk Gas Services
────────────────────────────────────────────────────────────
  Enriching from Google...
    Address: 9 Windsor Ave, Falkirk FK1 5HH, UK
    Phone:   01324 633133
    Website: N/A
    Rating:  5 (3 reviews)
    Hours:   0 days
    Photos:  0
  Generating featured tile...
  Creating listing...
    Post ID: 36950
    URL: https://glasgowtrader.co.uk/listing/falkirk-gas-services/
  Injecting ListingPro sidebar data...
    Result: OK

────────────────────────────────────────────────────────────
  [19/20] GasGeeks Plumbing & Heating
────────────────────────────────────────────────────────────
  SKIP: in ledger as post 28735 — attached location 'Falkirk' instead

────────────────────────────────────────────────────────────
  [20/20] Pioneer Gas Services
────────────────────────────────────────────────────────────
  SKIP: in ledger as post 28773 — attached location 'Falkirk' instead

============================================================
  BATCH COMPLETE — Falkirk
============================================================
  Found:   20
  Created: 10
  Skipped: 10 (already existed)
  Failed:  0
============================================================
