============================================================
  Glasgow Traders — Batch Sniper
  Location: Bellshill
  Trade: Heating Engineer
  Mode: PUBLISH
============================================================

[LOCATION] Looking for 'Bellshill'...
  Found: ID=190 name=Bellshill

[DEDUP] Fetching existing listings...
  2550 existing listings on site
  Ledger: 2533 place_ids

[SEARCH] Finding heating engineers in Bellshill...
  Found 18 candidates (6 filtered as merchants/off-trade)

────────────────────────────────────────────────────────────
  [1/18] Wilson Gas Services
────────────────────────────────────────────────────────────
  SKIP: in ledger as post 36838 — attached location 'Bellshill' instead

────────────────────────────────────────────────────────────
  [2/18] Bellshill Plumbers & Heating Ltd
────────────────────────────────────────────────────────────
  Enriching from Google...
    Address: 7 Hunter St, Bellshill ML4 1RN, UK
    Phone:   01698 747803
    Website: http://www.damcleodplumbers.co.uk/home
    Rating:  4.4 (17 reviews)
    Hours:   5 days
    Photos:  0
  Generating featured tile...
  Creating listing...
    Post ID: 36852
    URL: https://glasgowtrader.co.uk/listing/bellshill-plumbers-heating-ltd/
  Injecting ListingPro sidebar data...
    Result: OK

────────────────────────────────────────────────────────────
  [3/18] Gas Safe Scotland
────────────────────────────────────────────────────────────
  Enriching from Google...
    Address: 1 Foy Garden, Bellshill ML4 3GF, UK
    Phone:   07812 564196
    Website: N/A
    Rating:  5 (2 reviews)
    Hours:   0 days
    Photos:  0
  Generating featured tile...
  Creating listing...
    Post ID: 36854
    URL: https://glasgowtrader.co.uk/listing/gas-safe-scotland/
  Injecting ListingPro sidebar data...
    Result: OK

────────────────────────────────────────────────────────────
  [4/18] Cowan Plumbing & Heating
────────────────────────────────────────────────────────────
  SKIP: in ledger as post 27940 — attached location 'Bellshill' instead

────────────────────────────────────────────────────────────
  [5/18] A N Heating Services limited
────────────────────────────────────────────────────────────
  SKIP: in ledger as post 28698 — attached location 'Bellshill' instead

────────────────────────────────────────────────────────────
  [6/18] Gas Assured Scotland
────────────────────────────────────────────────────────────
  SKIP: in ledger as post 36832 — attached location 'Bellshill' instead

────────────────────────────────────────────────────────────
  [7/18] KMG Gas Services
────────────────────────────────────────────────────────────
  SKIP: in ledger as post 28577 — attached location 'Bellshill' instead

────────────────────────────────────────────────────────────
  [8/18] Buchanan Gas & Heating
────────────────────────────────────────────────────────────
  SKIP: in ledger as post 28703 — attached location 'Bellshill' instead

────────────────────────────────────────────────────────────
  [9/18] Thistle Boilers ltd
────────────────────────────────────────────────────────────
  SKIP: in ledger as post 36836 — attached location 'Bellshill' instead

────────────────────────────────────────────────────────────
  [10/18] 365 Heating, Plumbing & Electrical
────────────────────────────────────────────────────────────
  SKIP: in ledger as post 27932 — attached location 'Bellshill' instead

────────────────────────────────────────────────────────────
  [11/18] MD Gas Solutions
────────────────────────────────────────────────────────────
  Enriching from Google...
    Address: 33 Elm Cres, Uddingston, Glasgow G71 5AD, UK
    Phone:   07925 598039
    Website: N/A
    Rating:  5 (9 reviews)
    Hours:   1 days
    Photos:  0
  Generating featured tile...
  Creating listing...
    Post ID: 36856
    URL: https://glasgowtrader.co.uk/listing/md-gas-solutions/
  Injecting ListingPro sidebar data...
    Result: OK

────────────────────────────────────────────────────────────
  [12/18] SS Plumbing Heating and Gas Engineers
────────────────────────────────────────────────────────────
  SKIP: in ledger as post 28437 — attached location 'Bellshill' instead

────────────────────────────────────────────────────────────
  [13/18] P&D Gas Engineer
────────────────────────────────────────────────────────────
  SKIP: in ledger as post 36840 — attached location 'Bellshill' instead

────────────────────────────────────────────────────────────
  [14/18] Assured Heating & Boiler Repair
────────────────────────────────────────────────────────────
  SKIP: in ledger as post 29464 — attached location 'Bellshill' instead

────────────────────────────────────────────────────────────
  [15/18] McCulloch Plumbing & Gas Ltd
────────────────────────────────────────────────────────────
  SKIP: in ledger as post 28397 — attached location 'Bellshill' instead

────────────────────────────────────────────────────────────
  [16/18] Dunlop Gas & Boiler Services Ltd
────────────────────────────────────────────────────────────
  Enriching from Google...
    Address: 7 Dunlop Ct, Strathaven ML10 6LW, UK
    Phone:   07748 687407
    Website: N/A
    Rating:  5 (64 reviews)
    Hours:   0 days
    Photos:  0
  Generating featured tile...
  Creating listing...
    Post ID: 36858
    URL: https://glasgowtrader.co.uk/listing/dunlop-gas-boiler-services-ltd/
  Injecting ListingPro sidebar data...
    Result: OK

────────────────────────────────────────────────────────────
  [17/18] Skiffington Gas and Plumbing Services
────────────────────────────────────────────────────────────
  SKIP: in ledger as post 28432 — attached location 'Bellshill' instead

────────────────────────────────────────────────────────────
  [18/18] Boilers Scotland Ltd
────────────────────────────────────────────────────────────
  SKIP: in ledger as post 36830 — attached location 'Bellshill' instead

============================================================
  BATCH COMPLETE — Bellshill
============================================================
  Found:   18
  Created: 4
  Skipped: 14 (already existed)
  Failed:  0
============================================================
