============================================================
  Glasgow Traders — Batch Sniper
  Location: Hamilton
  Trade: Locksmith
  Mode: PUBLISH
============================================================

[LOCATION] Looking for 'Hamilton'...
  Found: ID=224 name=Hamilton

[DEDUP] Fetching existing listings...
  2643 existing listings on site
  Ledger: 2627 place_ids

[SEARCH] Finding locksmiths in Hamilton...
  Found 15 candidates (2 filtered as merchants/off-trade)

────────────────────────────────────────────────────────────
  [1/15] MOC Locks & Son LTD
────────────────────────────────────────────────────────────
  Enriching from Google...
    Address: 8 Russell St, Hamilton ML3 0QP, UK
    Phone:   07903 866934
    Website: http://www.lanarkshire-locksmiths.co.uk/
    Rating:  5 (56 reviews)
    Hours:   0 days
    Photos:  0
  Generating featured tile...
  Creating listing...
    Post ID: 37040
    URL: https://glasgowtrader.co.uk/listing/moc-locks-son-ltd/
  Injecting ListingPro sidebar data...
    Result: OK

────────────────────────────────────────────────────────────
  [2/15] Access Lock Co, East Kilbride
────────────────────────────────────────────────────────────
  Enriching from Google...
    Address: 20 Montgomery St, East Kilbride, Glasgow G74 4JS, UK
    Phone:   01355 200345
    Website: http://www.eastkilbridelocksmiths.co.uk/
    Rating:  4.9 (29 reviews)
    Hours:   7 days
    Photos:  0
  Generating featured tile...
  Creating listing...
    Post ID: 37042
    URL: https://glasgowtrader.co.uk/listing/access-lock-co-east-kilbride/
  Injecting ListingPro sidebar data...
    Result: OK

────────────────────────────────────────────────────────────
  [3/15] Liberty Locksmiths
────────────────────────────────────────────────────────────
  SKIP: in ledger as post 36992 — attached location 'Hamilton' instead

────────────────────────────────────────────────────────────
  [4/15] Lanarkshire Locks
────────────────────────────────────────────────────────────
  SKIP: in ledger as post 37036 — attached location 'Hamilton' instead

────────────────────────────────────────────────────────────
  [5/15] Elite Mobile Locksmiths
────────────────────────────────────────────────────────────
  Enriching from Google...
    Address: 36 Braidley Cres, East Kilbride, Glasgow G75 8FA, UK
    Phone:   01355 264050
    Website: http://www.elitemobilelocksmiths.co.uk/
    Rating:  4.9 (70 reviews)
    Hours:   7 days
    Photos:  0
  Generating featured tile...
  Creating listing...
    Post ID: 37044
    URL: https://glasgowtrader.co.uk/listing/elite-mobile-locksmiths/
  Injecting ListingPro sidebar data...
    Result: OK

────────────────────────────────────────────────────────────
  [6/15] Scottish Locksmith Union
────────────────────────────────────────────────────────────
  SKIP: in ledger as post 36984 — attached location 'Hamilton' instead

────────────────────────────────────────────────────────────
  [7/15] Fort knox locks
────────────────────────────────────────────────────────────
  Enriching from Google...
    Address: Murray, 88 Owen Ave, East Kilbride, Glasgow G75 9AJ, UK
    Phone:   07594 314330
    Website: https://www.fortknoxlocks.co.uk/
    Rating:  4.9 (103 reviews)
    Hours:   7 days
    Photos:  0
  Generating featured tile...
  Creating listing...
    Post ID: 37046
    URL: https://glasgowtrader.co.uk/listing/fort-knox-locks/
  Injecting ListingPro sidebar data...
    Result: OK

────────────────────────────────────────────────────────────
  [8/15] 1st Class Locksmith & Security Solutions
────────────────────────────────────────────────────────────
  Enriching from Google...
    Address: 2 Magnolia St, Wishaw ML2 7EQ, UK
    Phone:   07941 564423
    Website: https://www.1stclasssecuritysolutions.co.uk/
    Rating:  5 (379 reviews)
    Hours:   0 days
    Photos:  0
  Generating featured tile...
  Creating listing...
    Post ID: 37048
    URL: https://glasgowtrader.co.uk/listing/1st-class-locksmith-security-solutions/
  Injecting ListingPro sidebar data...
    Result: OK

────────────────────────────────────────────────────────────
  [9/15] Access Lock Co
────────────────────────────────────────────────────────────
  SKIP: in ledger as post 36980 — attached location 'Hamilton' instead

────────────────────────────────────────────────────────────
  [10/15] KWM Locksmiths | Fast, Reliable and Local Locksmiths in North Lanarkshire
────────────────────────────────────────────────────────────
  SKIP: in ledger as post 37030 — attached location 'Hamilton' instead

────────────────────────────────────────────────────────────
  [11/15] Capslocks - Replacement Car Key Specialist
────────────────────────────────────────────────────────────
  Enriching from Google...
    Address: 33 Kittoch St, East Kilbride, Glasgow G74 4BF, UK
    Phone:   07595 598998
    Website: http://www.capslocks.co.uk/
    Rating:  4.3 (56 reviews)
    Hours:   0 days
    Photos:  0
  Generating featured tile...
  Creating listing...
    Post ID: 37050
    URL: https://glasgowtrader.co.uk/listing/capslocks-replacement-car-key-specialist/
  Injecting ListingPro sidebar data...
    Result: OK

────────────────────────────────────────────────────────────
  [12/15] Keys Galore
────────────────────────────────────────────────────────────
  SKIP: Already exists on site

────────────────────────────────────────────────────────────
  [13/15] Lockfast Locksmiths Glasgow
────────────────────────────────────────────────────────────
  Enriching from Google...
    Address: 47 Oak Wynd, Cambuslang, Glasgow G72 7GS, UK
    Phone:   07966 023980
    Website: https://www.lockfastlocksmithsglasgow.co.uk/
    Rating:  5 (46 reviews)
    Hours:   7 days
    Photos:  0
  Generating featured tile...
  Creating listing...
    Post ID: 37052
    URL: https://glasgowtrader.co.uk/listing/lockfast-locksmiths-glasgow/
  Injecting ListingPro sidebar data...
    Result: OK

────────────────────────────────────────────────────────────
  [14/15] MS Locksmith Service Ltd
────────────────────────────────────────────────────────────
  SKIP: in ledger as post 37006 — attached location 'Hamilton' instead

────────────────────────────────────────────────────────────
  [15/15] Brendan the Locksmith - Johnstone
────────────────────────────────────────────────────────────
  SKIP: in ledger as post 37026 — attached location 'Hamilton' instead

============================================================
  BATCH COMPLETE — Hamilton
============================================================
  Found:   15
  Created: 7
  Skipped: 8 (already existed)
  Failed:  0
============================================================
