============================================================
  Glasgow Traders — Batch Sniper
  Location: Hamilton
  Trade: Plasterer
  Mode: PUBLISH
============================================================

[LOCATION] Looking for 'Hamilton'...
  Found: ID=224 name=Hamilton

[DEDUP] Fetching existing listings...
  2088 existing listings on site
  Ledger: 2070 place_ids

[SEARCH] Finding plasterers in Hamilton...
  Found 18 candidates (2 filtered as merchants/off-trade)

────────────────────────────────────────────────────────────
  [1/18] ABH PLASTERING
────────────────────────────────────────────────────────────
  SKIP: in ledger as post 35906 — attached location 'Hamilton' instead

────────────────────────────────────────────────────────────
  [2/18] B.Seaton Plastering & Wall insulation
────────────────────────────────────────────────────────────
  Enriching from Google...
    Address: 19 Hunthill Rd, Blantyre, Glasgow G72 9SS, UK
    Phone:   07300 348724
    Website: https://www.facebook.com/profile.php?id=100093073113684
    Rating:  5 (22 reviews)
    Hours:   0 days
    Photos:  0
  Generating featured tile...
  Creating listing...
    Post ID: 35926
    URL: https://glasgowtrader.co.uk/listing/b-seaton-plastering-wall-insulation/
  Injecting ListingPro sidebar data...
    Result: OK

────────────────────────────────────────────────────────────
  [3/18] AT Plastering Services
────────────────────────────────────────────────────────────
  SKIP: in ledger as post 35866 — attached location 'Hamilton' instead

────────────────────────────────────────────────────────────
  [4/18] John's Roughcasting & External Render
────────────────────────────────────────────────────────────
  Enriching from Google...
    Address: 955 Fleming Way, Hamilton ML3 9QH, UK
    Phone:   07520 665410
    Website: http://externalrenderhamilton.co.uk/
    Rating:  5 (14 reviews)
    Hours:   5 days
    Photos:  0
  Generating featured tile...
  Creating listing...
    Post ID: 35928
    URL: https://glasgowtrader.co.uk/listing/johns-roughcasting-external-render/
  Injecting ListingPro sidebar data...
    Result: OK

────────────────────────────────────────────────────────────
  [5/18] Mark Mushet plastering
────────────────────────────────────────────────────────────
  Enriching from Google...
    Address: 114 Silvertonhill Ave, Hamilton ML3 7PA, UK
    Phone:   07766 185614
    Website: N/A
    Rating:  5 (1 reviews)
    Hours:   6 days
    Photos:  0
  Generating featured tile...
  Creating listing...
    Post ID: 35930
    URL: https://glasgowtrader.co.uk/listing/mark-mushet-plastering/
  Injecting ListingPro sidebar data...
    Result: OK

────────────────────────────────────────────────────────────
  [6/18] Mark Wightman Plastering
────────────────────────────────────────────────────────────
  SKIP: in ledger as post 35894 — attached location 'Hamilton' instead

────────────────────────────────────────────────────────────
  [7/18] GET PLASTERED
────────────────────────────────────────────────────────────
  SKIP: Already exists on site

────────────────────────────────────────────────────────────
  [8/18] Fine Line Plastering
────────────────────────────────────────────────────────────
  SKIP: in ledger as post 35852 — attached location 'Hamilton' instead

────────────────────────────────────────────────────────────
  [9/18] PS Plastering Services
────────────────────────────────────────────────────────────
  Enriching from Google...
    Address: 83 Camelon Cres, Blantyre, Glasgow G72 0BG, UK
    Phone:   07718 082221
    Website: https://psplasteringservices.co.uk/
    Rating:  5 (16 reviews)
    Hours:   0 days
    Photos:  0
  Generating featured tile...
  Creating listing...
    Post ID: 35932
    URL: https://glasgowtrader.co.uk/listing/ps-plastering-services/
  Injecting ListingPro sidebar data...
    Result: OK

────────────────────────────────────────────────────────────
  [10/18] Kennedy Plastering
────────────────────────────────────────────────────────────
  Enriching from Google...
    Address: East Kilbride, Glasgow G75 9GY, UK
    Phone:   07789 000942
    Website: http://www.facebook.com/kennedy.plastering
    Rating:  4.9 (50 reviews)
    Hours:   5 days
    Photos:  0
  Generating featured tile...
  Creating listing...
    Post ID: 35934
    URL: https://glasgowtrader.co.uk/listing/kennedy-plastering/
  Injecting ListingPro sidebar data...
    Result: OK

────────────────────────────────────────────────────────────
  [11/18] Glasgow Plastering
────────────────────────────────────────────────────────────
  SKIP: in ledger as post 35846 — attached location 'Hamilton' instead

────────────────────────────────────────────────────────────
  [12/18] Gibson Plasterers & Roughcasters
────────────────────────────────────────────────────────────
  Enriching from Google...
    Address: 180 Duke's Rd, Rutherglen, Glasgow G73 3EU, UK
    Phone:   07738 403027
    Website: http://www.gibsons.freeindex.co.uk/
    Rating:  5 (31 reviews)
    Hours:   7 days
    Photos:  0
  Generating featured tile...
  Creating listing...
    Post ID: 35936
    URL: https://glasgowtrader.co.uk/listing/gibson-plasterers-roughcasters/
  Injecting ListingPro sidebar data...
    Result: OK

────────────────────────────────────────────────────────────
  [13/18] GET PLASTERED
────────────────────────────────────────────────────────────
  SKIP: in ledger as post 35878 — attached location 'Hamilton' instead

────────────────────────────────────────────────────────────
  [14/18] STS Plastering Ltd
────────────────────────────────────────────────────────────
  SKIP: in ledger as post 35910 — attached location 'Hamilton' instead

────────────────────────────────────────────────────────────
  [15/18] James Walker Plastering,Roughcasting &Venetian Plastering
────────────────────────────────────────────────────────────
  Enriching from Google...
    Address: 113 Daks Pl, Larkhall ML9 1FD, UK
    Phone:   07854 856769
    Website: N/A
    Rating:  5 (3 reviews)
    Hours:   6 days
    Photos:  0
  Generating featured tile...
  Creating listing...
    Post ID: 35938
    URL: https://glasgowtrader.co.uk/listing/james-walker-plasteringroughcasting-venetian-plastering/
  Injecting ListingPro sidebar data...
    Result: OK

────────────────────────────────────────────────────────────
  [16/18] Ravenswood Plastering
────────────────────────────────────────────────────────────
  SKIP: in ledger as post 35860 — attached location 'Hamilton' instead

────────────────────────────────────────────────────────────
  [17/18] Rockstar Plastering
────────────────────────────────────────────────────────────
  SKIP: in ledger as post 35858 — attached location 'Hamilton' instead

────────────────────────────────────────────────────────────
  [18/18] Lets Get Plastered Plastering Services
────────────────────────────────────────────────────────────
  SKIP: in ledger as post 35848 — attached location 'Hamilton' instead

============================================================
  BATCH COMPLETE — Hamilton
============================================================
  Found:   18
  Created: 7
  Skipped: 11 (already existed)
  Failed:  0
============================================================
