============================================================
  Glasgow Traders — Batch Sniper
  Location: East Kilbride
  Trade: Removals
  Mode: PUBLISH
============================================================

[LOCATION] Looking for 'East Kilbride'...
  Found: ID=214 name=East Kilbride

[DEDUP] Fetching existing listings...
  3102 existing listings on site
  Ledger: 3094 place_ids

[SEARCH] Finding removalss in East Kilbride...
  Found 9 candidates (7 filtered as merchants/off-trade)

────────────────────────────────────────────────────────────
  [1/9] RBT REMOVALS GLASGOW
────────────────────────────────────────────────────────────
  Enriching from Google...
    Address: Langlands Avenue, East Kilbride, Glasgow G75 0YG, UK
    Phone:   0141 212 9570
    Website: http://www.rbtremovalsglasgow.co.uk/
    Rating:  5 (74 reviews)
    Hours:   6 days
    Photos:  0
  Generating featured tile...
  Creating listing...
    Post ID: 37974
    URL: https://glasgowtrader.co.uk/listing/rbt-removals-glasgow/
  Injecting ListingPro sidebar data...
    Result: OK

────────────────────────────────────────────────────────────
  [2/9] East Kilbride Removals
────────────────────────────────────────────────────────────
  SKIP: in ledger as post 37966 — attached location 'East Kilbride' instead

────────────────────────────────────────────────────────────
  [3/9] The Removal Company
────────────────────────────────────────────────────────────
  Enriching from Google...
    Address: Unit 6 Colvilles Pl, East Kilbride, Glasgow G75 0PZ, UK
    Phone:   01355 261314
    Website: https://www.theremoval-company.co.uk/
    Rating:  5 (1 reviews)
    Hours:   5 days
    Photos:  0
  Generating featured tile...
  Creating listing...
    Post ID: 37976
    URL: https://glasgowtrader.co.uk/listing/the-removal-company/
  Injecting ListingPro sidebar data...
    Result: OK

────────────────────────────────────────────────────────────
  [4/9] Move8Removals
────────────────────────────────────────────────────────────
  SKIP: in ledger as post 37956 — attached location 'East Kilbride' instead

────────────────────────────────────────────────────────────
  [5/9] DS Carriers Removals Glasgow
────────────────────────────────────────────────────────────
  SKIP: in ledger as post 37892 — attached location 'East Kilbride' instead

────────────────────────────────────────────────────────────
  [6/9] Green Move Removals
────────────────────────────────────────────────────────────
  SKIP: in ledger as post 37898 — attached location 'East Kilbride' instead

────────────────────────────────────────────────────────────
  [7/9] AAVANCO REMOVALS
────────────────────────────────────────────────────────────
  Enriching from Google...
    Address: 36 Hawbank Rd, East Kilbride, Glasgow G74 5EX, UK
    Phone:   07718 899660
    Website: N/A
    Rating:  5 (1 reviews)
    Hours:   0 days
    Photos:  0
  Generating featured tile...
  Creating listing...
    Post ID: 37978
    URL: https://glasgowtrader.co.uk/listing/aavanco-removals/
  Injecting ListingPro sidebar data...
    Result: OK

────────────────────────────────────────────────────────────
  [8/9] Waste Removal East Kilbride
────────────────────────────────────────────────────────────
  Enriching from Google...
    Address: 3 Pankhurst Pl, East Kilbride, Glasgow G74 4BH, UK
    Phone:   01355 512061
    Website: https://glasgowwasteremoval.co.uk/skip-hire-east-kilbride/
    Rating:  5 (1 reviews)
    Hours:   5 days
    Photos:  0
  Generating featured tile...
  Creating listing...
    Post ID: 37980
    URL: https://glasgowtrader.co.uk/listing/waste-removal-east-kilbride/
  Injecting ListingPro sidebar data...
    Result: OK

────────────────────────────────────────────────────────────
  [9/9] McInally Removals
────────────────────────────────────────────────────────────
  Enriching from Google...
    Address: 71 Baird Hill, East Kilbride, Glasgow G75 0EG, UK
    Phone:   N/A
    Website: N/A
    Rating:  None (None reviews)
    Hours:   0 days
    Photos:  0
  Generating featured tile...
  Creating listing...
    Post ID: 37982
    URL: https://glasgowtrader.co.uk/listing/mcinally-removals/
  Injecting ListingPro sidebar data...
    Result: OK

============================================================
  BATCH COMPLETE — East Kilbride
============================================================
  Found:   9
  Created: 5
  Skipped: 4 (already existed)
  Failed:  0
============================================================
