============================================================
  Glasgow Traders — Batch Sniper
  Location: Dumbarton
  Trade: Roofer
  Mode: PUBLISH
============================================================

[LOCATION] Looking for 'Dumbarton'...
  Found: ID=210 name=Dumbarton

[DEDUP] Fetching existing listings...
  1665 existing listings on site
  Ledger: 1647 place_ids

[SEARCH] Finding roofers in Dumbarton...
  Found 9 candidates (3 filtered as merchants/off-trade)

────────────────────────────────────────────────────────────
  [1/9] RM Contractors Roofing Services
────────────────────────────────────────────────────────────
  SKIP: in ledger as post 31444 — attached location 'Dumbarton' instead

────────────────────────────────────────────────────────────
  [2/9] Superseal Roofing
────────────────────────────────────────────────────────────
  Enriching from Google...
    Address: 21 McGregor Dr, Dumbarton G82 3JY, UK
    Phone:   07790 715878
    Website: N/A
    Rating:  3.7 (6 reviews)
    Hours:   0 days
    Photos:  0
  Generating featured tile...
  Creating listing...
    Post ID: 35080
    URL: https://glasgowtrader.co.uk/listing/superseal-roofing/
  Injecting ListingPro sidebar data...
    Result: OK

────────────────────────────────────────────────────────────
  [3/9] J S Roofline
────────────────────────────────────────────────────────────
  Enriching from Google...
    Address: Woodyard Rd, Dumbarton G82 4BG, UK
    Phone:   07454 681054
    Website: N/A
    Rating:  None (None reviews)
    Hours:   1 days
    Photos:  0
  Generating featured tile...
  Creating listing...
    Post ID: 35082
    URL: https://glasgowtrader.co.uk/listing/j-s-roofline/
  Injecting ListingPro sidebar data...
    Result: OK

────────────────────────────────────────────────────────────
  [4/9] NC Roofing Services
────────────────────────────────────────────────────────────
  SKIP: in ledger as post 35046 — attached location 'Dumbarton' instead

────────────────────────────────────────────────────────────
  [5/9] ML Roofing
────────────────────────────────────────────────────────────
  SKIP: in ledger as post 34894 — attached location 'Dumbarton' instead

────────────────────────────────────────────────────────────
  [6/9] C.Livingston Roofing Ltd
────────────────────────────────────────────────────────────
  Enriching from Google...
    Address: 29 Stuckleckie Rd, Helensburgh G84 7NN, UK
    Phone:   01436 350083
    Website: https://www.clivingstonroofing.co.uk/
    Rating:  5 (8 reviews)
    Hours:   7 days
    Photos:  0
  Generating featured tile...
  Creating listing...
    Post ID: 35084
    URL: https://glasgowtrader.co.uk/listing/c-livingston-roofing-ltd/
  Injecting ListingPro sidebar data...
    Result: OK

────────────────────────────────────────────────────────────
  [7/9] CP Roofing Solutions
────────────────────────────────────────────────────────────
  SKIP: in ledger as post 34942 — attached location 'Dumbarton' instead

────────────────────────────────────────────────────────────
  [8/9] Harrison Roofing - Helensburgh
────────────────────────────────────────────────────────────
  Enriching from Google...
    Address: 10 Beech Grove Pl, Helensburgh G84 7TU, UK
    Phone:   07812 100561
    Website: http://www.harrisonroofinghelensburgh.co.uk/
    Rating:  5 (30 reviews)
    Hours:   0 days
    Photos:  0
  Generating featured tile...
  Creating listing...
    Post ID: 35086
    URL: https://glasgowtrader.co.uk/listing/harrison-roofing-helensburgh/
  Injecting ListingPro sidebar data...
    Result: OK

────────────────────────────────────────────────────────────
  [9/9] S & S Roofing & Roughcasting
────────────────────────────────────────────────────────────
  Enriching from Google...
    Address: 20 Dennystoun Forge, Dumbarton G82 4BW, UK
    Phone:   0141 530 9509
    Website: N/A
    Rating:  None (None reviews)
    Hours:   0 days
    Photos:  0
  Generating featured tile...
  Creating listing...
    Post ID: 35088
    URL: https://glasgowtrader.co.uk/listing/s-s-roofing-roughcasting/
  Injecting ListingPro sidebar data...
    Result: OK

============================================================
  BATCH COMPLETE — Dumbarton
============================================================
  Found:   9
  Created: 5
  Skipped: 4 (already existed)
  Failed:  0
============================================================
