[LIVE] 25 posts since 2026-07-21T13:0

  33620 [Landscaper] tile=33620.jpg kw='Jorges landscaping and gardening services'
        meta (144c): Contact Jorges landscaping and gardening services, a landscaper in Glasgow rated 4.9/5 by 136 customers. Phone number, hours and website inside.
  33621 [Gardener] tile=33621.jpg kw='Thistle Garden Maintenance'
        meta (127c): Thistle Garden Maintenance — gardener covering Glasgow. 4.9/5 across 123 reviews. Find contact details, hours and service area.
  33622 [Gardener] tile=33622.jpg kw='Glesga Garden Guy Ltd'
        meta (124c): Glesga Garden Guy Ltd. is a gardener in Glasgow, rated 4.9/5 from 153 Google reviews. See phone, opening hours and location.
  33623 [Gardener] tile=33623.jpg kw='Green Wheels Gardening Services'
        meta (131c): Contact Green Wheels Gardening Services, a gardener in Glasgow rated 4.9/5 by 29 customers. Phone number, hours and website inside.
  33624 [Gardener] tile=33624.jpg kw='Garden Man - Gardening Services'
        meta (131c): Contact Garden Man - Gardening Services, a gardener in Glasgow rated 4.9/5 by 18 customers. Phone number, hours and website inside.
  33625 [Tree Surgeon] tile=33625.jpg kw='GGM Tree Surgery & Landscaping'
        meta (134c): GGM Tree Surgery & Landscaping — tree surgeon covering Glasgow. 4.8/5 across 84 reviews. Find contact details, hours and service area.
  33626 [Landscaper] tile=33626.jpg kw='Riverside landscaping'
        meta (123c): Riverside landscaping — landscaper covering Glasgow. 4.9/5 across 11 reviews. Find contact details, hours and service area.
  33627 [Gardener] tile=33627.jpg kw='Jonsen Gardening'
        meta (114c): Jonsen Gardening is a gardener in Glasgow, rated 5/5 from 6 Google reviews. See phone, opening hours and location.
  33628 [Landscaper] tile=33628.jpg kw='Anderson Landscaping'
        meta (122c): Anderson Landscaping — landscaper covering Glasgow. 4.5/5 across 57 reviews. Find contact details, hours and service area.
  33629 [Gardener] tile=33629.jpg kw='North Hill Gardens Ltd'
        meta (122c): North Hill Gardens Ltd — gardener covering Glasgow. 4.6/5 across 40 reviews. Find contact details, hours and service area.
  33630 [Landscaper] tile=33630.jpg kw='Glasgow Landscape Gardener'
        meta (128c): Glasgow Landscape Gardener — landscaper covering Glasgow. 4.7/5 across 12 reviews. Find contact details, hours and service area.
  33631 [Landscaper] tile=33631.jpg kw='Landscape Gardeners Glasgow - Decking, Driveways, Fencing & Patios'
        meta (126c): Landscape Gardeners Glasgow - Decking, Driveways, Fencing & Patios: landscaper in Glasgow, rated 4.8/5 from 27 Google reviews.
  33632 [Gardener] tile=33632.jpg kw='Garden Grooming Glasgow'
        meta (121c): Contact Garden Grooming Glasgow, a gardener in Glasgow rated 5/5 by 11 customers. Phone number, hours and website inside.
  33633 [Gardener] tile=33633.jpg kw='MIG Garden Care'
        meta (116c): MIG Garden Care is a gardener in Glasgow, rated 4.8/5 from 52 Google reviews. See phone, opening hours and location.
  33634 [Gardener] tile=33634.jpg kw='Garden Force - Giffnock, Pollokshields & Newlands'
        meta (149c): Garden Force - Giffnock, Pollokshields & Newlands, — gardener covering Glasgow. 4.4/5 across 7 reviews. Find contact details, hours and service area.
  33635 [Gardener] tile=33635.jpg kw='C&C Premium Gardening'
        meta (127c): C&C Premium Gardening — gardener in Glasgow. See their phone number, website, opening hours and service area on Glasgow Trader.
  33636 [Landscaper] tile=33636.jpg kw='MGL Groundworks and Landscaping'
        meta (131c): MGL Groundworks and Landscaping — landscaper covering Paisley. 5/5 across 79 reviews. Find contact details, hours and service area.
  33637 [Landscaper] tile=33637.jpg kw='Amac Landscaping & Maintenance'
        meta (131c): Amac Landscaping & Maintenance is a landscaper in Glasgow, rated 5/5 from 14 Google reviews. See phone, opening hours and location.
  33638 [Landscaper] tile=33638.jpg kw='Southside Landscaping Projects'
        meta (133c): Southside Landscaping Projects is a landscaper in Glasgow, rated 4.2/5 from 26 Google reviews. See phone, opening hours and location.
  33639 [Landscaper] tile=33639.jpg kw='Exteria Landscapes'
        meta (120c): Contact Exteria Landscapes, a landscaper in Glasgow rated 4.8/5 by 29 customers. Phone number, hours and website inside.
  33640 [Landscaper] tile=33640.jpg kw='Glasgow Landscaping Group'
        meta (124c): Glasgow Landscaping Group — landscaper covering Glasgow. 5/5 across 9 reviews. Find contact details, hours and service area.
  33641 [Landscaper] tile=33641.jpg kw='Hepburn Landscaping & Design'
        meta (131c): Hepburn Landscaping & Design is a landscaper in Glasgow, rated 4.6/5 from 19 Google reviews. See phone, opening hours and location.
  33642 [Landscaper] tile=33642.jpg kw='Square Circle Landscapes'
        meta (124c): Contact Square Circle Landscapes, a landscaper in Glasgow rated 5/5 by 15 customers. Phone number, hours and website inside.
  33643 [Landscaper] tile=33643.jpg kw='MacColl & Stokes Landscaping'
        meta (130c): MacColl & Stokes Landscaping — landscaper covering Glasgow. 4.9/5 across 48 reviews. Find contact details, hours and service area.
  33644 [Landscaper] tile=33644.jpg kw='Landscaping Company Of Glasgow'
        meta (130c): Landscaping Company Of Glasgow is a landscaper in Glasgow, rated 5/5 from 9 Google reviews. See phone, opening hours and location.

[LIVE] 25 posts SEO-enriched, 0 failures
