============================================================
  Glasgow Traders — Batch Sniper
  Location: Bellshill
  Trade: Tiler
  Mode: PUBLISH
============================================================

[LOCATION] Looking for 'Bellshill'...
  Found: ID=190 name=Bellshill

[DEDUP] Fetching existing listings...
  2358 existing listings on site
  Ledger: 2341 place_ids

[SEARCH] Finding tilers in Bellshill...
  Found 3 candidates (0 filtered as merchants/off-trade)

────────────────────────────────────────────────────────────
  [1/3] CR Tiling & Bathrooms
────────────────────────────────────────────────────────────
  SKIP: in ledger as post 36296 — attached location 'Bellshill' instead

────────────────────────────────────────────────────────────
  [2/3] L&C Ceramic Tiling
────────────────────────────────────────────────────────────
  SKIP: in ledger as post 36456 — attached location 'Bellshill' instead

────────────────────────────────────────────────────────────
  [3/3] SK Tiling Services
────────────────────────────────────────────────────────────
  SKIP: in ledger as post 36458 — attached location 'Bellshill' instead

============================================================
  BATCH COMPLETE — Bellshill
============================================================
  Found:   3
  Created: 0
  Skipped: 3 (already existed)
  Failed:  0
============================================================
